Component: ARM Compiler 5.06 update 6 (build 750) Tool: armlink [4d35ed]

==============================================================================

Section Cross References

    startup_stm32l072xx.o(RESET) refers to startup_stm32l072xx.o(STACK) for __initial_sp
    startup_stm32l072xx.o(RESET) refers to startup_stm32l072xx.o(.text) for Reset_Handler
    startup_stm32l072xx.o(RESET) refers to stm32l0xx_it.o(i.NMI_Handler) for NMI_Handler
    startup_stm32l072xx.o(RESET) refers to stm32l0xx_it.o(i.HardFault_Handler) for HardFault_Handler
    startup_stm32l072xx.o(RESET) refers to stm32l0xx_it.o(i.SVC_Handler) for SVC_Handler
    startup_stm32l072xx.o(RESET) refers to stm32l0xx_it.o(i.PendSV_Handler) for PendSV_Handler
    startup_stm32l072xx.o(RESET) refers to stm32l0xx_it.o(i.SysTick_Handler) for SysTick_Handler
    startup_stm32l072xx.o(RESET) refers to micros_mcutimer.o(i.TIM2_IRQHandler) for TIM2_IRQHandler
    startup_stm32l072xx.o(.text) refers to system_stm32l0xx.o(i.SystemInit) for SystemInit
    startup_stm32l072xx.o(.text) refers to entry.o(.ARM.Collect$$$$00000000) for __main
    main.o(i.SystemClock_Config) refers to memseta.o(.text) for __aeabi_memclr4
    main.o(i.SystemClock_Config) refers to stm32l0xx_hal_rcc.o(i.HAL_RCC_OscConfig) for HAL_RCC_OscConfig
    main.o(i.SystemClock_Config) refers to main.o(i.Error_Handler) for Error_Handler
    main.o(i.SystemClock_Config) refers to stm32l0xx_hal_rcc.o(i.HAL_RCC_ClockConfig) for HAL_RCC_ClockConfig
    main.o(i.main) refers to stm32l0xx_hal.o(i.HAL_Init) for HAL_Init
    main.o(i.main) refers to main.o(i.SystemClock_Config) for SystemClock_Config
    main.o(i.main) refers to taskmanager.o(i.micrOs_init) for micrOs_init
    main.o(i.main) refers to taskmanager.o(i.micrOs_allTaskInit) for micrOs_allTaskInit
    main.o(i.main) refers to taskmanager.o(i.micrOs_main) for micrOs_main
    stm32l0xx_it.o(i.SysTick_Handler) refers to stm32l0xx_hal.o(i.HAL_IncTick) for HAL_IncTick
    stm32l0xx_hal_msp.o(i.HAL_TIM_Base_MspDeInit) refers to stm32l0xx_hal_cortex.o(i.HAL_NVIC_DisableIRQ) for HAL_NVIC_DisableIRQ
    stm32l0xx_hal_msp.o(i.HAL_TIM_Base_MspInit) refers to stm32l0xx_hal_cortex.o(i.HAL_NVIC_SetPriority) for HAL_NVIC_SetPriority
    stm32l0xx_hal_msp.o(i.HAL_TIM_Base_MspInit) refers to stm32l0xx_hal_cortex.o(i.HAL_NVIC_EnableIRQ) for HAL_NVIC_EnableIRQ
    stm32l0xx_hal_tim.o(i.HAL_TIM_Base_DeInit) refers to stm32l0xx_hal_msp.o(i.HAL_TIM_Base_MspDeInit) for HAL_TIM_Base_MspDeInit
    stm32l0xx_hal_tim.o(i.HAL_TIM_Base_Init) refers to stm32l0xx_hal_msp.o(i.HAL_TIM_Base_MspInit) for HAL_TIM_Base_MspInit
    stm32l0xx_hal_tim.o(i.HAL_TIM_Base_Init) refers to stm32l0xx_hal_tim.o(i.TIM_Base_SetConfig) for TIM_Base_SetConfig
    stm32l0xx_hal_tim.o(i.HAL_TIM_Base_Start_DMA) refers to stm32l0xx_hal_dma.o(i.HAL_DMA_Start_IT) for HAL_DMA_Start_IT
    stm32l0xx_hal_tim.o(i.HAL_TIM_Base_Start_DMA) refers to stm32l0xx_hal_tim.o(i.TIM_DMAPeriodElapsedCplt) for TIM_DMAPeriodElapsedCplt
    stm32l0xx_hal_tim.o(i.HAL_TIM_Base_Start_DMA) refers to stm32l0xx_hal_tim.o(i.TIM_DMAPeriodElapsedHalfCplt) for TIM_DMAPeriodElapsedHalfCplt
    stm32l0xx_hal_tim.o(i.HAL_TIM_Base_Start_DMA) refers to stm32l0xx_hal_tim.o(i.TIM_DMAError) for TIM_DMAError
    stm32l0xx_hal_tim.o(i.HAL_TIM_Base_Stop_DMA) refers to stm32l0xx_hal_dma.o(i.HAL_DMA_Abort_IT) for HAL_DMA_Abort_IT
    stm32l0xx_hal_tim.o(i.HAL_TIM_ConfigClockSource) refers to stm32l0xx_hal_tim.o(i.TIM_ETR_SetConfig) for TIM_ETR_SetConfig
    stm32l0xx_hal_tim.o(i.HAL_TIM_ConfigClockSource) refers to stm32l0xx_hal_tim.o(i.TIM_TI1_ConfigInputStage) for TIM_TI1_ConfigInputStage
    stm32l0xx_hal_tim.o(i.HAL_TIM_ConfigClockSource) refers to stm32l0xx_hal_tim.o(i.TIM_ITRx_SetConfig) for TIM_ITRx_SetConfig
    stm32l0xx_hal_tim.o(i.HAL_TIM_ConfigClockSource) refers to stm32l0xx_hal_tim.o(i.TIM_TI2_ConfigInputStage) for TIM_TI2_ConfigInputStage
    stm32l0xx_hal_tim.o(i.HAL_TIM_ConfigOCrefClear) refers to stm32l0xx_hal_tim.o(i.TIM_ETR_SetConfig) for TIM_ETR_SetConfig
    stm32l0xx_hal_tim.o(i.HAL_TIM_DMABurst_ReadStart) refers to stm32l0xx_hal_dma.o(i.HAL_DMA_Start_IT) for HAL_DMA_Start_IT
    stm32l0xx_hal_tim.o(i.HAL_TIM_DMABurst_ReadStart) refers to stm32l0xx_hal_tim.o(i.TIM_DMAPeriodElapsedCplt) for TIM_DMAPeriodElapsedCplt
    stm32l0xx_hal_tim.o(i.HAL_TIM_DMABurst_ReadStart) refers to stm32l0xx_hal_tim.o(i.TIM_DMAPeriodElapsedHalfCplt) for TIM_DMAPeriodElapsedHalfCplt
    stm32l0xx_hal_tim.o(i.HAL_TIM_DMABurst_ReadStart) refers to stm32l0xx_hal_tim.o(i.TIM_DMAError) for TIM_DMAError
    stm32l0xx_hal_tim.o(i.HAL_TIM_DMABurst_ReadStart) refers to stm32l0xx_hal_tim.o(i.TIM_DMACaptureCplt) for TIM_DMACaptureCplt
    stm32l0xx_hal_tim.o(i.HAL_TIM_DMABurst_ReadStart) refers to stm32l0xx_hal_tim.o(i.TIM_DMACaptureHalfCplt) for TIM_DMACaptureHalfCplt
    stm32l0xx_hal_tim.o(i.HAL_TIM_DMABurst_ReadStart) refers to stm32l0xx_hal_tim.o(i.TIM_DMATriggerCplt) for TIM_DMATriggerCplt
[...]
    buttontask.o(i.buttonStateWaitLongPress) refers to buttontask.o(.data) for longPressTimeout
    buttontask.o(i.buttonStateWaitPress) refers to stm32l0xx_hal_gpio.o(i.HAL_GPIO_ReadPin) for HAL_GPIO_ReadPin
    buttontask.o(i.buttonStateWaitPress) refers to taskmanager.o(i.micrOs_startEventDispachTimer) for micrOs_startEventDispachTimer
    buttontask.o(i.buttonStateWaitPress) refers to buttontask.o(.data) for signalContainer
    buttontask.o(i.buttonStateWaitPress) refers to buttontask.o(.constdata) for .constdata
    buttontask.o(i.buttonStateWaitPress) refers to buttontask.o(i.buttonStateWaitDebounce) for buttonStateWaitDebounce
    buttontask.o(i.buttonStateWaitPress) refers to buttontask.o(i.buttonStateWaitLongPress) for buttonStateWaitLongPress
    buttontask.o(i.buttonStateWaitUnpress) refers to stm32l0xx_hal_gpio.o(i.HAL_GPIO_ReadPin) for HAL_GPIO_ReadPin
    buttontask.o(i.buttonStateWaitUnpress) refers to taskmanager.o(i.micrOs_startEventDispachTimer) for micrOs_startEventDispachTimer
    buttontask.o(i.buttonStateWaitUnpress) refers to buttontask.o(.data) for signalContainer
    buttontask.o(i.buttonStateWaitUnpress) refers to buttontask.o(.constdata) for .constdata
    buttontask.o(i.buttonStateWaitUnpress) refers to buttontask.o(i.buttonStateWaitDebounce) for buttonStateWaitDebounce
    buttontask.o(i.buttonStateWaitUnpress) refers to buttontask.o(i.buttonStateWaitPress) for buttonStateWaitPress
    buttontask.o(i.getOnlyIdSignal) refers to buttontask.o(.data) for debounceTimeout
    buttontask.o(i.taskButtonGetSignal) refers to buttontask.o(i.getOnlyIdSignal) for getOnlyIdSignal
    buttontask.o(i.taskButtonGetSignal) refers to buttontask.o(i.getSignalAndData) for getSignalAndData
    buttontask.o(i.taskButtonInit) refers to memseta.o(.text) for __aeabi_memclr4
    buttontask.o(i.taskButtonInit) refers to stm32l0xx_hal_gpio.o(i.HAL_GPIO_Init) for HAL_GPIO_Init
    buttontask.o(i.taskButtonInit) refers to buttontask.o(i.buttonStateWaitPress) for buttonStateWaitPress
    buttontask.o(i.taskButtonInit) refers to buttontask.o(.data) for pfnCurrentButtonState
    buttontask.o(i.taskButtonMain) refers to buttontask.o(.data) for pfnCurrentButtonState
    entry.o(.ARM.Collect$$$$00000000) refers (Special) to entry10a.o(.ARM.Collect$$$$0000000D) for __rt_final_cpp
    entry.o(.ARM.Collect$$$$00000000) refers (Special) to entry11a.o(.ARM.Collect$$$$0000000F) for __rt_final_exit
    entry.o(.ARM.Collect$$$$00000000) refers (Special) to entry7b.o(.ARM.Collect$$$$00000008) for _main_clock
    entry.o(.ARM.Collect$$$$00000000) refers (Special) to entry8b.o(.ARM.Collect$$$$0000000A) for _main_cpp_init
    entry.o(.ARM.Collect$$$$00000000) refers (Special) to entry9a.o(.ARM.Collect$$$$0000000B) for _main_init
    entry.o(.ARM.Collect$$$$00000000) refers (Special) to entry5.o(.ARM.Collect$$$$00000004) for _main_scatterload
    entry.o(.ARM.Collect$$$$00000000) refers (Special) to entry2.o(.ARM.Collect$$$$00000001) for _main_stk
    malloc.o(i.free) refers to mvars.o(.data) for __microlib_freelist
    malloc.o(i.malloc) refers to mvars.o(.data) for __microlib_freelist_initialised
    malloc.o(i.malloc) refers to mvars.o(.data) for __microlib_freelist
    malloc.o(i.malloc) refers to startup_stm32l072xx.o(HEAP) for __heap_base
    mallocr.o(i.__free$realloc) refers to mvars.o(.data) for __microlib_freelist
    mallocr.o(i.__malloc$realloc) refers to mallocr.o(i.internal_alloc) for internal_alloc
    mallocr.o(i.__malloc$realloc) refers to mvars.o(.data) for __microlib_freelist_initialised
    mallocr.o(i.__malloc$realloc) refers to startup_stm32l072xx.o(HEAP) for __heap_base
    mallocr.o(i.__malloc$realloc) refers to mvars.o(.data) for __microlib_freelist
    mallocr.o(i.internal_alloc) refers to memcpya.o(.text) for __aeabi_memcpy
    mallocr.o(i.internal_alloc) refers to mvars.o(.data) for __microlib_freelist
    mallocr.o(i.realloc) refers to mallocr.o(i.__free$realloc) for __free$realloc
    mallocr.o(i.realloc) refers to mallocr.o(i.internal_alloc) for internal_alloc
    mallocr.o(i.realloc) refers to mallocr.o(i.__malloc$realloc) for __malloc$realloc
    mallocr.o(i.realloc) refers to mvars.o(.data) for __microlib_freelist
    malloca.o(i.__aligned_malloc) refers to mvars.o(.data) for __microlib_freelist
    malloca.o(i.__aligned_malloc) refers to mvars.o(.data) for __microlib_freelist_initialised
    malloca.o(i.__aligned_malloc) refers to startup_stm32l072xx.o(HEAP) for __heap_base
    malloca.o(i.__free$memalign) refers to mvars.o(.data) for __microlib_freelist
    malloca.o(i.__malloc$memalign) refers to malloca.o(i.__aligned_malloc) for __aligned_malloc
    mallocra.o(i.__aligned_malloc$realloc) refers to mallocra.o(i.internal_alloc) for internal_alloc
    mallocra.o(i.__aligned_malloc$realloc) refers to startup_stm32l072xx.o(HEAP) for __heap_base
    mallocra.o(i.__aligned_malloc$realloc) refers to mvars.o(.data) for __microlib_freelist
    mallocra.o(i.__aligned_malloc$realloc) refers to mvars.o(.data) for __microlib_freelist_initialised
    mallocra.o(i.__free$realloc$memalign) refers to mvars.o(.data) for __microlib_freelist
    mallocra.o(i.__malloc$realloc$memalign) refers to mallocra.o(i.__aligned_malloc$realloc) for __aligned_malloc$realloc
    mallocra.o(i.__realloc$memalign) refers to mallocra.o(i.__free$realloc$memalign) for __free$realloc$memalign
    mallocra.o(i.__realloc$memalign) refers to mallocra.o(i.internal_alloc) for internal_alloc
    mallocra.o(i.__realloc$memalign) refers to mallocra.o(i.__malloc$realloc$memalign) for __malloc$realloc$memalign
    mallocra.o(i.__realloc$memalign) refers to mvars.o(.data) for __microlib_freelist
    mallocra.o(i.internal_alloc) refers to memcpya.o(.text) for __aeabi_memcpy
    mallocra.o(i.internal_alloc) refers to mvars.o(.data) for __microlib_freelist
    entry2.o(.ARM.Collect$$$$00000001) refers to entry2.o(.ARM.Collect$$$$00002712) for __lit__00000000
    entry2.o(.ARM.Collect$$$$00002712) refers to startup_stm32l072xx.o(STACK) for __initial_sp
    entry2.o(__vectab_stack_and_reset_area) refers to startup_stm32l072xx.o(STACK) for __initial_sp
    entry2.o(__vectab_stack_and_reset_area) refers to entry.o(.ARM.Collect$$$$00000000) for __main
    entry5.o(.ARM.Collect$$$$00000004) refers to init.o(.text) for __scatterload
    entry9a.o(.ARM.Collect$$$$0000000B) refers to main.o(i.main) for main
    entry9b.o(.ARM.Collect$$$$0000000C) refers to main.o(i.main) for main
    init.o(.text) refers to entry5.o(.ARM.Collect$$$$00000004) for __main_after_scatterload


==============================================================================

Removing Unused input sections from the image.

    Removing main.o(.rev16_text), (4 bytes).
    Removing main.o(.revsh_text), (4 bytes).
    Removing stm32l0xx_it.o(.rev16_text), (4 bytes).
    Removing stm32l0xx_it.o(.revsh_text), (4 bytes).
    Removing stm32l0xx_hal_msp.o(.rev16_text), (4 bytes).
    Removing stm32l0xx_hal_msp.o(.revsh_text), (4 bytes).
    Removing stm32l0xx_hal_msp.o(i.HAL_TIM_Base_MspDeInit), (40 bytes).
    Removing stm32l0xx_hal_tim.o(.rev16_text), (4 bytes).
    Removing stm32l0xx_hal_tim.o(.revsh_text), (4 bytes).
    Removing stm32l0xx_hal_tim.o(i.HAL_TIM_Base_DeInit), (68 bytes).
    Removing stm32l0xx_hal_tim.o(i.HAL_TIM_Base_GetState), (8 bytes).
    Removing stm32l0xx_hal_tim.o(i.HAL_TIM_Base_MspDeInit), (2 bytes).
    Removing stm32l0xx_hal_tim.o(i.HAL_TIM_Base_MspInit), (2 bytes).
    Removing stm32l0xx_hal_tim.o(i.HAL_TIM_Base_Start), (42 bytes).
    Removing stm32l0xx_hal_tim.o(i.HAL_TIM_Base_Start_DMA), (140 bytes).
    Removing stm32l0xx_hal_tim.o(i.HAL_TIM_Base_Stop), (52 bytes).
    Removing stm32l0xx_hal_tim.o(i.HAL_TIM_Base_Stop_DMA), (68 bytes).
    Removing stm32l0xx_hal_tim.o(i.HAL_TIM_Base_Stop_IT), (52 bytes).
    Removing stm32l0xx_hal_tim.o(i.HAL_TIM_ConfigOCrefClear), (294 bytes).
    Removing stm32l0xx_hal_tim.o(i.HAL_TIM_ConfigTI1Input), (32 bytes).
    Removing stm32l0xx_hal_tim.o(i.HAL_TIM_DMABurst_ReadStart), (460 bytes).
    Removing stm32l0xx_hal_tim.o(i.HAL_TIM_DMABurst_ReadStop), (150 bytes).
    Removing stm32l0xx_hal_tim.o(i.HAL_TIM_DMABurst_WriteStart), (460 bytes).
    Removing stm32l0xx_hal_tim.o(i.HAL_TIM_DMABurst_WriteStop), (150 bytes).
    Removing stm32l0xx_hal_tim.o(i.HAL_TIM_Encoder_DeInit), (68 bytes).
    Removing stm32l0xx_hal_tim.o(i.HAL_TIM_Encoder_GetState), (8 bytes).
    Removing stm32l0xx_hal_tim.o(i.HAL_TIM_Encoder_Init), (192 bytes).
    Removing stm32l0xx_hal_tim.o(i.HAL_TIM_Encoder_MspDeInit), (2 bytes).
    Removing stm32l0xx_hal_tim.o(i.HAL_TIM_Encoder_MspInit), (2 bytes).
    Removing stm32l0xx_hal_tim.o(i.HAL_TIM_Encoder_Start), (80 bytes).
    Removing stm32l0xx_hal_tim.o(i.HAL_TIM_Encoder_Start_DMA), (396 bytes).
    Removing stm32l0xx_hal_tim.o(i.HAL_TIM_Encoder_Start_IT), (128 bytes).
    Removing stm32l0xx_hal_tim.o(i.HAL_TIM_Encoder_Stop), (100 bytes).
    Removing stm32l0xx_hal_tim.o(i.HAL_TIM_Encoder_Stop_DMA), (180 bytes).
    Removing stm32l0xx_hal_tim.o(i.HAL_TIM_Encoder_Stop_IT), (148 bytes).
    Removing stm32l0xx_hal_tim.o(i.HAL_TIM_ErrorCallback), (2 bytes).
    Removing stm32l0xx_hal_tim.o(i.HAL_TIM_GenerateEvent), (54 bytes).
    Removing stm32l0xx_hal_tim.o(i.HAL_TIM_IC_CaptureHalfCpltCallback), (2 bytes).
    Removing stm32l0xx_hal_tim.o(i.HAL_TIM_IC_ConfigChannel), (226 bytes).
    Removing stm32l0xx_hal_tim.o(i.HAL_TIM_IC_DeInit), (68 bytes).
    Removing stm32l0xx_hal_tim.o(i.HAL_TIM_IC_GetState), (8 bytes).
    Removing stm32l0xx_hal_tim.o(i.HAL_TIM_IC_Init), (56 bytes).
    Removing stm32l0xx_hal_tim.o(i.HAL_TIM_IC_MspDeInit), (2 bytes).
    Removing stm32l0xx_hal_tim.o(i.HAL_TIM_IC_MspInit), (2 bytes).
    Removing stm32l0xx_hal_tim.o(i.HAL_TIM_IC_Start), (44 bytes).
    Removing stm32l0xx_hal_tim.o(i.HAL_TIM_IC_Start_DMA), (356 bytes).
    Removing stm32l0xx_hal_tim.o(i.HAL_TIM_IC_Start_IT), (122 bytes).
    Removing stm32l0xx_hal_tim.o(i.HAL_TIM_IC_Stop), (52 bytes).
    Removing stm32l0xx_hal_tim.o(i.HAL_TIM_IC_Stop_DMA), (168 bytes).
    Removing stm32l0xx_hal_tim.o(i.HAL_TIM_IC_Stop_IT), (132 bytes).
    Removing stm32l0xx_hal_tim.o(i.HAL_TIM_OC_ConfigChannel), (118 bytes).
    Removing stm32l0xx_hal_tim.o(i.HAL_TIM_OC_DeInit), (68 bytes).
    Removing stm32l0xx_hal_tim.o(i.HAL_TIM_OC_GetState), (8 bytes).
    Removing stm32l0xx_hal_tim.o(i.HAL_TIM_OC_Init), (56 bytes).
    Removing stm32l0xx_hal_tim.o(i.HAL_TIM_OC_MspDeInit), (2 bytes).
    Removing stm32l0xx_hal_tim.o(i.HAL_TIM_OC_MspInit), (2 bytes).
    Removing stm32l0xx_hal_tim.o(i.HAL_TIM_OC_Start), (44 bytes).
    Removing stm32l0xx_hal_tim.o(i.HAL_TIM_OC_Start_DMA), (356 bytes).
    Removing stm32l0xx_hal_tim.o(i.HAL_TIM_OC_Start_IT), (122 bytes).
    Removing stm32l0xx_hal_tim.o(i.HAL_TIM_OC_Stop), (52 bytes).
    Removing stm32l0xx_hal_tim.o(i.HAL_TIM_OC_Stop_DMA), (168 bytes).
    Removing stm32l0xx_hal_tim.o(i.HAL_TIM_OC_Stop_IT), (132 bytes).
    Removing stm32l0xx_hal_tim.o(i.HAL_TIM_OnePulse_ConfigChannel), (286 bytes).
    Removing stm32l0xx_hal_tim.o(i.HAL_TIM_OnePulse_DeInit), (68 bytes).
    Removing stm32l0xx_hal_tim.o(i.HAL_TIM_OnePulse_GetState), (8 bytes).
    Removing stm32l0xx_hal_tim.o(i.HAL_TIM_OnePulse_Init), (80 bytes).
    Removing stm32l0xx_hal_tim.o(i.HAL_TIM_OnePulse_MspDeInit), (2 bytes).
    Removing stm32l0xx_hal_tim.o(i.HAL_TIM_OnePulse_MspInit), (2 bytes).
    Removing stm32l0xx_hal_tim.o(i.HAL_TIM_OnePulse_Start), (30 bytes).
    Removing stm32l0xx_hal_tim.o(i.HAL_TIM_OnePulse_Start_IT), (54 bytes).
    Removing stm32l0xx_hal_tim.o(i.HAL_TIM_OnePulse_Stop), (64 bytes).
    Removing stm32l0xx_hal_tim.o(i.HAL_TIM_OnePulse_Stop_IT), (88 bytes).
    Removing stm32l0xx_hal_tim.o(i.HAL_TIM_PWM_ConfigChannel), (274 bytes).
    Removing stm32l0xx_hal_tim.o(i.HAL_TIM_PWM_DeInit), (68 bytes).
    Removing stm32l0xx_hal_tim.o(i.HAL_TIM_PWM_GetState), (8 bytes).
    Removing stm32l0xx_hal_tim.o(i.HAL_TIM_PWM_Init), (56 bytes).
    Removing stm32l0xx_hal_tim.o(i.HAL_TIM_PWM_MspDeInit), (2 bytes).
    Removing stm32l0xx_hal_tim.o(i.HAL_TIM_PWM_MspInit), (2 bytes).
    Removing stm32l0xx_hal_tim.o(i.HAL_TIM_PWM_PulseFinishedHalfCpltCallback), (2 bytes).
    Removing stm32l0xx_hal_tim.o(i.HAL_TIM_PWM_Start), (44 bytes).
    Removing stm32l0xx_hal_tim.o(i.HAL_TIM_PWM_Start_DMA), (356 bytes).
    Removing stm32l0xx_hal_tim.o(i.HAL_TIM_PWM_Start_IT), (122 bytes).
    Removing stm32l0xx_hal_tim.o(i.HAL_TIM_PWM_Stop), (60 bytes).
    Removing stm32l0xx_hal_tim.o(i.HAL_TIM_PWM_Stop_DMA), (168 bytes).
    Removing stm32l0xx_hal_tim.o(i.HAL_TIM_PWM_Stop_IT), (132 bytes).
    Removing stm32l0xx_hal_tim.o(i.HAL_TIM_PeriodElapsedCallback), (2 bytes).
    Removing stm32l0xx_hal_tim.o(i.HAL_TIM_PeriodElapsedHalfCpltCallback), (2 bytes).
    Removing stm32l0xx_hal_tim.o(i.HAL_TIM_ReadCapturedValue), (52 bytes).
    Removing stm32l0xx_hal_tim.o(i.HAL_TIM_SlaveConfigSynchro), (112 bytes).
    Removing stm32l0xx_hal_tim.o(i.HAL_TIM_SlaveConfigSynchro_IT), (112 bytes).
    Removing stm32l0xx_hal_tim.o(i.HAL_TIM_TriggerHalfCpltCallback), (2 bytes).
    Removing stm32l0xx_hal_tim.o(i.TIM_CCxChannelCmd), (34 bytes).
    Removing stm32l0xx_hal_tim.o(i.TIM_DMACaptureCplt), (70 bytes).
    Removing stm32l0xx_hal_tim.o(i.TIM_DMACaptureHalfCplt), (70 bytes).
    Removing stm32l0xx_hal_tim.o(i.TIM_DMADelayPulseCplt), (70 bytes).
    Removing stm32l0xx_hal_tim.o(i.TIM_DMADelayPulseHalfCplt), (70 bytes).
    Removing stm32l0xx_hal_tim.o(i.TIM_DMAError), (20 bytes).
    Removing stm32l0xx_hal_tim.o(i.TIM_DMAPeriodElapsedCplt), (20 bytes).
    Removing stm32l0xx_hal_tim.o(i.TIM_DMAPeriodElapsedHalfCplt), (20 bytes).
    Removing stm32l0xx_hal_tim.o(i.TIM_DMATriggerCplt), (20 bytes).
    Removing stm32l0xx_hal_tim.o(i.TIM_DMATriggerHalfCplt), (20 bytes).
    Removing stm32l0xx_hal_tim.o(i.TIM_OC1_SetConfig), (56 bytes).
    Removing stm32l0xx_hal_tim.o(i.TIM_OC2_SetConfig), (68 bytes).
    Removing stm32l0xx_hal_tim.o(i.TIM_OC3_SetConfig), (62 bytes).
    Removing stm32l0xx_hal_tim.o(i.TIM_OC4_SetConfig), (72 bytes).
    Removing stm32l0xx_hal_tim.o(i.TIM_SlaveTimer_SetConfig), (176 bytes).
    Removing stm32l0xx_hal_tim.o(i.TIM_TI1_SetConfig), (116 bytes).
    Removing stm32l0xx_hal_tim.o(i.TIM_TI2_SetConfig), (72 bytes).
    Removing stm32l0xx_hal_tim.o(i.TIM_TI3_SetConfig), (70 bytes).
    Removing stm32l0xx_hal_tim.o(i.TIM_TI4_SetConfig), (78 bytes).
    Removing stm32l0xx_hal_tim_ex.o(.rev16_text), (4 bytes).
    Removing stm32l0xx_hal_tim_ex.o(.revsh_text), (4 bytes).
    Removing stm32l0xx_hal_tim_ex.o(i.HAL_TIMEx_RemapConfig), (42 bytes).
    Removing stm32l0xx_hal.o(.rev16_text), (4 bytes).
    Removing stm32l0xx_hal.o(.revsh_text), (4 bytes).
    Removing stm32l0xx_hal.o(i.HAL_DBGMCU_DBG_DisableLowPowerConfig), (16 bytes).
    Removing stm32l0xx_hal.o(i.HAL_DBGMCU_DBG_EnableLowPowerConfig), (16 bytes).
    Removing stm32l0xx_hal.o(i.HAL_DBGMCU_DisableDBGSleepMode), (20 bytes).
    Removing stm32l0xx_hal.o(i.HAL_DBGMCU_DisableDBGStandbyMode), (20 bytes).
    Removing stm32l0xx_hal.o(i.HAL_DBGMCU_DisableDBGStopMode), (20 bytes).
    Removing stm32l0xx_hal.o(i.HAL_DBGMCU_EnableDBGSleepMode), (20 bytes).
    Removing stm32l0xx_hal.o(i.HAL_DBGMCU_EnableDBGStandbyMode), (20 bytes).
    Removing stm32l0xx_hal.o(i.HAL_DBGMCU_EnableDBGStopMode), (20 bytes).
    Removing stm32l0xx_hal.o(i.HAL_DeInit), (52 bytes).
    Removing stm32l0xx_hal.o(i.HAL_Delay), (44 bytes).
    Removing stm32l0xx_hal.o(i.HAL_GetDEVID), (16 bytes).
    Removing stm32l0xx_hal.o(i.HAL_GetHalVersion), (8 bytes).
    Removing stm32l0xx_hal.o(i.HAL_GetREVID), (12 bytes).
    Removing stm32l0xx_hal.o(i.HAL_GetTickFreq), (12 bytes).
    Removing stm32l0xx_hal.o(i.HAL_GetTickPrio), (12 bytes).
    Removing stm32l0xx_hal.o(i.HAL_GetUIDw0), (12 bytes).
    Removing stm32l0xx_hal.o(i.HAL_GetUIDw1), (12 bytes).
    Removing stm32l0xx_hal.o(i.HAL_GetUIDw2), (12 bytes).
    Removing stm32l0xx_hal.o(i.HAL_MspDeInit), (2 bytes).
    Removing stm32l0xx_hal.o(i.HAL_MspInit), (2 bytes).
    Removing stm32l0xx_hal.o(i.HAL_ResumeTick), (20 bytes).
    Removing stm32l0xx_hal.o(i.HAL_SYSCFG_Disable_Lock_VREFINT), (20 bytes).
    Removing stm32l0xx_hal.o(i.HAL_SYSCFG_Enable_Lock_VREFINT), (20 bytes).
    Removing stm32l0xx_hal.o(i.HAL_SYSCFG_GetBootMode), (16 bytes).
    Removing stm32l0xx_hal.o(i.HAL_SYSCFG_VREFINT_OutputSelect), (28 bytes).
    Removing stm32l0xx_hal.o(i.HAL_SetTickFreq), (52 bytes).
    Removing stm32l0xx_hal.o(i.HAL_SuspendTick), (20 bytes).
    Removing stm32l0xx_hal_i2c.o(.rev16_text), (4 bytes).
    Removing stm32l0xx_hal_i2c.o(.revsh_text), (4 bytes).
    Removing stm32l0xx_hal_i2c.o(i.HAL_I2C_AbortCpltCallback), (2 bytes).
    Removing stm32l0xx_hal_i2c.o(i.HAL_I2C_AddrCallback), (2 bytes).
    Removing stm32l0xx_hal_i2c.o(i.HAL_I2C_DeInit), (66 bytes).
    Removing stm32l0xx_hal_i2c.o(i.HAL_I2C_DisableListen_IT), (62 bytes).
    Removing stm32l0xx_hal_i2c.o(i.HAL_I2C_ER_IRQHandler), (140 bytes).
    Removing stm32l0xx_hal_i2c.o(i.HAL_I2C_EV_IRQHandler), (30 bytes).
    Removing stm32l0xx_hal_i2c.o(i.HAL_I2C_EnableListen_IT), (44 bytes).
    Removing stm32l0xx_hal_i2c.o(i.HAL_I2C_ErrorCallback), (2 bytes).
    Removing stm32l0xx_hal_i2c.o(i.HAL_I2C_GetError), (6 bytes).
    Removing stm32l0xx_hal_i2c.o(i.HAL_I2C_GetMode), (8 bytes).
    Removing stm32l0xx_hal_i2c.o(i.HAL_I2C_GetState), (8 bytes).
    Removing stm32l0xx_hal_i2c.o(i.HAL_I2C_Init), (212 bytes).
    Removing stm32l0xx_hal_i2c.o(i.HAL_I2C_IsDeviceReady), (434 bytes).
    Removing stm32l0xx_hal_i2c.o(i.HAL_I2C_ListenCpltCallback), (2 bytes).
    Removing stm32l0xx_hal_i2c.o(i.HAL_I2C_MasterRxCpltCallback), (2 bytes).
    Removing stm32l0xx_hal_i2c.o(i.HAL_I2C_MasterTxCpltCallback), (2 bytes).
    Removing stm32l0xx_hal_i2c.o(i.HAL_I2C_Master_Abort_IT), (128 bytes).
    Removing stm32l0xx_hal_i2c.o(i.HAL_I2C_Master_Receive), (364 bytes).
    Removing stm32l0xx_hal_i2c.o(i.HAL_I2C_Master_Receive_DMA), (376 bytes).
    Removing stm32l0xx_hal_i2c.o(i.HAL_I2C_Master_Receive_IT), (168 bytes).
    Removing stm32l0xx_hal_i2c.o(i.HAL_I2C_Master_Seq_Receive_DMA), (404 bytes).
    Removing stm32l0xx_hal_i2c.o(i.HAL_I2C_Master_Seq_Receive_IT), (192 bytes).
    Removing stm32l0xx_hal_i2c.o(i.HAL_I2C_Master_Seq_Transmit_DMA), (404 bytes).
    Removing stm32l0xx_hal_i2c.o(i.HAL_I2C_Master_Seq_Transmit_IT), (192 bytes).
    Removing stm32l0xx_hal_i2c.o(i.HAL_I2C_Master_Transmit), (364 bytes).
    Removing stm32l0xx_hal_i2c.o(i.HAL_I2C_Master_Transmit_DMA), (376 bytes).
    Removing stm32l0xx_hal_i2c.o(i.HAL_I2C_Master_Transmit_IT), (168 bytes).
    Removing stm32l0xx_hal_i2c.o(i.HAL_I2C_MemRxCpltCallback), (2 bytes).
    Removing stm32l0xx_hal_i2c.o(i.HAL_I2C_MemTxCpltCallback), (2 bytes).
    Removing stm32l0xx_hal_i2c.o(i.HAL_I2C_Mem_Read), (428 bytes).
    Removing stm32l0xx_hal_i2c.o(i.HAL_I2C_Mem_Read_DMA), (388 bytes).
    Removing stm32l0xx_hal_i2c.o(i.HAL_I2C_Mem_Read_IT), (228 bytes).
    Removing stm32l0xx_hal_i2c.o(i.HAL_I2C_Mem_Write), (420 bytes).
    Removing stm32l0xx_hal_i2c.o(i.HAL_I2C_Mem_Write_DMA), (380 bytes).
    Removing stm32l0xx_hal_i2c.o(i.HAL_I2C_Mem_Write_IT), (224 bytes).
    Removing stm32l0xx_hal_i2c.o(i.HAL_I2C_MspDeInit), (2 bytes).
    Removing stm32l0xx_hal_i2c.o(i.HAL_I2C_MspInit), (2 bytes).
    Removing stm32l0xx_hal_i2c.o(i.HAL_I2C_SlaveRxCpltCallback), (2 bytes).
    Removing stm32l0xx_hal_i2c.o(i.HAL_I2C_SlaveTxCpltCallback), (2 bytes).
    Removing stm32l0xx_hal_i2c.o(i.HAL_I2C_Slave_Receive), (390 bytes).
    Removing stm32l0xx_hal_i2c.o(i.HAL_I2C_Slave_Receive_DMA), (284 bytes).
    Removing stm32l0xx_hal_i2c.o(i.HAL_I2C_Slave_Receive_IT), (120 bytes).
    Removing stm32l0xx_hal_i2c.o(i.HAL_I2C_Slave_Seq_Receive_DMA), (468 bytes).
    Removing stm32l0xx_hal_i2c.o(i.HAL_I2C_Slave_Seq_Receive_IT), (240 bytes).
    Removing stm32l0xx_hal_i2c.o(i.HAL_I2C_Slave_Seq_Transmit_DMA), (468 bytes).
    Removing stm32l0xx_hal_i2c.o(i.HAL_I2C_Slave_Seq_Transmit_IT), (240 bytes).
    Removing stm32l0xx_hal_i2c.o(i.HAL_I2C_Slave_Transmit), (418 bytes).
    Removing stm32l0xx_hal_i2c.o(i.HAL_I2C_Slave_Transmit_DMA), (284 bytes).
    Removing stm32l0xx_hal_i2c.o(i.HAL_I2C_Slave_Transmit_IT), (120 bytes).
    Removing stm32l0xx_hal_i2c.o(i.I2C_ConvertOtherXferOptions), (30 bytes).
    Removing stm32l0xx_hal_i2c.o(i.I2C_DMAAbort), (38 bytes).
    Removing stm32l0xx_hal_i2c.o(i.I2C_DMAError), (30 bytes).
    Removing stm32l0xx_hal_i2c.o(i.I2C_DMAMasterReceiveCplt), (100 bytes).
    Removing stm32l0xx_hal_i2c.o(i.I2C_DMAMasterTransmitCplt), (100 bytes).
    Removing stm32l0xx_hal_i2c.o(i.I2C_DMASlaveReceiveCplt), (52 bytes).
    Removing stm32l0xx_hal_i2c.o(i.I2C_DMASlaveTransmitCplt), (42 bytes).
    Removing stm32l0xx_hal_i2c.o(i.I2C_Disable_IRQ), (116 bytes).
    Removing stm32l0xx_hal_i2c.o(i.I2C_Enable_IRQ), (136 bytes).
    Removing stm32l0xx_hal_i2c.o(i.I2C_Flush_TXDR), (50 bytes).
    Removing stm32l0xx_hal_i2c.o(i.I2C_ITAddrCplt), (208 bytes).
    Removing stm32l0xx_hal_i2c.o(i.I2C_ITError), (296 bytes).
    Removing stm32l0xx_hal_i2c.o(i.I2C_ITListenCplt), (120 bytes).
    Removing stm32l0xx_hal_i2c.o(i.I2C_ITMasterCplt), (308 bytes).
    Removing stm32l0xx_hal_i2c.o(i.I2C_ITMasterSeqCplt), (98 bytes).
    Removing stm32l0xx_hal_i2c.o(i.I2C_ITSlaveCplt), (408 bytes).
    Removing stm32l0xx_hal_i2c.o(i.I2C_ITSlaveSeqCplt), (156 bytes).
    Removing stm32l0xx_hal_i2c.o(i.I2C_IsAcknowledgeFailed), (160 bytes).
    Removing stm32l0xx_hal_i2c.o(i.I2C_Master_ISR_DMA), (392 bytes).
    Removing stm32l0xx_hal_i2c.o(i.I2C_Master_ISR_IT), (464 bytes).
    Removing stm32l0xx_hal_i2c.o(i.I2C_RequestMemoryRead), (128 bytes).
    Removing stm32l0xx_hal_i2c.o(i.I2C_RequestMemoryWrite), (128 bytes).
    Removing stm32l0xx_hal_i2c.o(i.I2C_Slave_ISR_DMA), (372 bytes).
    Removing stm32l0xx_hal_i2c.o(i.I2C_Slave_ISR_IT), (380 bytes).
    Removing stm32l0xx_hal_i2c.o(i.I2C_TransferConfig), (56 bytes).
    Removing stm32l0xx_hal_i2c.o(i.I2C_TreatErrorCallback), (62 bytes).
    Removing stm32l0xx_hal_i2c.o(i.I2C_WaitOnFlagUntilTimeout), (88 bytes).
    Removing stm32l0xx_hal_i2c.o(i.I2C_WaitOnRXNEFlagUntilTimeout), (176 bytes).
    Removing stm32l0xx_hal_i2c.o(i.I2C_WaitOnSTOPFlagUntilTimeout), (90 bytes).
    Removing stm32l0xx_hal_i2c.o(i.I2C_WaitOnTXISFlagUntilTimeout), (96 bytes).
    Removing stm32l0xx_hal_i2c_ex.o(.rev16_text), (4 bytes).
    Removing stm32l0xx_hal_i2c_ex.o(.revsh_text), (4 bytes).
    Removing stm32l0xx_hal_i2c_ex.o(i.HAL_I2CEx_ConfigAnalogFilter), (110 bytes).
    Removing stm32l0xx_hal_i2c_ex.o(i.HAL_I2CEx_ConfigDigitalFilter), (112 bytes).
    Removing stm32l0xx_hal_i2c_ex.o(i.HAL_I2CEx_DisableFastModePlus), (32 bytes).
    Removing stm32l0xx_hal_i2c_ex.o(i.HAL_I2CEx_DisableWakeUp), (100 bytes).
    Removing stm32l0xx_hal_i2c_ex.o(i.HAL_I2CEx_EnableFastModePlus), (32 bytes).
    Removing stm32l0xx_hal_i2c_ex.o(i.HAL_I2CEx_EnableWakeUp), (100 bytes).
    Removing stm32l0xx_hal_rcc.o(.rev16_text), (4 bytes).
    Removing stm32l0xx_hal_rcc.o(.revsh_text), (4 bytes).
    Removing stm32l0xx_hal_rcc.o(i.HAL_RCC_CSSCallback), (2 bytes).
    Removing stm32l0xx_hal_rcc.o(i.HAL_RCC_DeInit), (272 bytes).
    Removing stm32l0xx_hal_rcc.o(i.HAL_RCC_EnableCSS), (20 bytes).
    Removing stm32l0xx_hal_rcc.o(i.HAL_RCC_GetClockConfig), (68 bytes).
    Removing stm32l0xx_hal_rcc.o(i.HAL_RCC_GetHCLKFreq), (12 bytes).
    Removing stm32l0xx_hal_rcc.o(i.HAL_RCC_GetOscConfig), (284 bytes).
    Removing stm32l0xx_hal_rcc.o(i.HAL_RCC_GetPCLK1Freq), (36 bytes).
    Removing stm32l0xx_hal_rcc.o(i.HAL_RCC_GetPCLK2Freq), (36 bytes).
    Removing stm32l0xx_hal_rcc.o(i.HAL_RCC_MCOConfig), (212 bytes).
    Removing stm32l0xx_hal_rcc.o(i.HAL_RCC_NMI_IRQHandler), (36 bytes).
    Removing stm32l0xx_hal_rcc_ex.o(.rev16_text), (4 bytes).
    Removing stm32l0xx_hal_rcc_ex.o(.revsh_text), (4 bytes).
    Removing stm32l0xx_hal_rcc_ex.o(i.HAL_RCCEx_CRSConfig), (92 bytes).
    Removing stm32l0xx_hal_rcc_ex.o(i.HAL_RCCEx_CRSGetSynchronizationInfo), (48 bytes).
    Removing stm32l0xx_hal_rcc_ex.o(i.HAL_RCCEx_CRSSoftwareSynchronizationGenerate), (20 bytes).
    Removing stm32l0xx_hal_rcc_ex.o(i.HAL_RCCEx_CRSWaitSynchronization), (204 bytes).
    Removing stm32l0xx_hal_rcc_ex.o(i.HAL_RCCEx_CRS_ErrorCallback), (2 bytes).
    Removing stm32l0xx_hal_rcc_ex.o(i.HAL_RCCEx_CRS_ExpectedSyncCallback), (2 bytes).
    Removing stm32l0xx_hal_rcc_ex.o(i.HAL_RCCEx_CRS_IRQHandler), (172 bytes).
    Removing stm32l0xx_hal_rcc_ex.o(i.HAL_RCCEx_CRS_SyncOkCallback), (2 bytes).
    Removing stm32l0xx_hal_rcc_ex.o(i.HAL_RCCEx_CRS_SyncWarnCallback), (2 bytes).
    Removing stm32l0xx_hal_rcc_ex.o(i.HAL_RCCEx_DisableHSI48_VREFINT), (20 bytes).
    Removing stm32l0xx_hal_rcc_ex.o(i.HAL_RCCEx_DisableLSECSS), (36 bytes).
    Removing stm32l0xx_hal_rcc_ex.o(i.HAL_RCCEx_EnableHSI48_VREFINT), (20 bytes).
    Removing stm32l0xx_hal_rcc_ex.o(i.HAL_RCCEx_EnableLSECSS), (20 bytes).
    Removing stm32l0xx_hal_rcc_ex.o(i.HAL_RCCEx_EnableLSECSS_IT), (68 bytes).
    Removing stm32l0xx_hal_rcc_ex.o(i.HAL_RCCEx_GetPeriphCLKConfig), (156 bytes).
    Removing stm32l0xx_hal_rcc_ex.o(i.HAL_RCCEx_GetPeriphCLKFreq), (968 bytes).
    Removing stm32l0xx_hal_rcc_ex.o(i.HAL_RCCEx_LSECSS_Callback), (2 bytes).
    Removing stm32l0xx_hal_rcc_ex.o(i.HAL_RCCEx_LSECSS_IRQHandler), (32 bytes).
    Removing stm32l0xx_hal_rcc_ex.o(i.HAL_RCCEx_PeriphCLKConfig), (620 bytes).
    Removing stm32l0xx_hal_flash_ramfunc.o(.rev16_text), (4 bytes).
    Removing stm32l0xx_hal_flash_ramfunc.o(.revsh_text), (4 bytes).
    Removing stm32l0xx_hal_flash_ramfunc.o(i.FLASHRAM_SetErrorCode), (240 bytes).
    Removing stm32l0xx_hal_flash_ramfunc.o(i.FLASHRAM_WaitForLastOperation), (152 bytes).
    Removing stm32l0xx_hal_flash_ramfunc.o(i.HAL_FLASHEx_DisableRunPowerDown), (44 bytes).
    Removing stm32l0xx_hal_flash_ramfunc.o(i.HAL_FLASHEx_EnableRunPowerDown), (44 bytes).
    Removing stm32l0xx_hal_flash_ramfunc.o(i.HAL_FLASHEx_EraseParallelPage), (124 bytes).
    Removing stm32l0xx_hal_flash_ramfunc.o(i.HAL_FLASHEx_GetError), (16 bytes).
    Removing stm32l0xx_hal_flash_ramfunc.o(i.HAL_FLASHEx_HalfPageProgram), (112 bytes).
    Removing stm32l0xx_hal_flash_ramfunc.o(i.HAL_FLASHEx_ProgramParallelHalfPage), (172 bytes).
    Removing stm32l0xx_hal_flash.o(.rev16_text), (4 bytes).
    Removing stm32l0xx_hal_flash.o(.revsh_text), (4 bytes).
    Removing stm32l0xx_hal_flash.o(i.FLASH_SetErrorCode), (240 bytes).
    Removing stm32l0xx_hal_flash.o(i.FLASH_WaitForLastOperation), (168 bytes).
    Removing stm32l0xx_hal_flash.o(i.HAL_FLASH_EndOfOperationCallback), (2 bytes).
    Removing stm32l0xx_hal_flash.o(i.HAL_FLASH_GetError), (12 bytes).
    Removing stm32l0xx_hal_flash.o(i.HAL_FLASH_IRQHandler), (336 bytes).
    Removing stm32l0xx_hal_flash.o(i.HAL_FLASH_Lock), (32 bytes).
    Removing stm32l0xx_hal_flash.o(i.HAL_FLASH_OB_Launch), (32 bytes).
    Removing stm32l0xx_hal_flash.o(i.HAL_FLASH_OB_Lock), (20 bytes).
    Removing stm32l0xx_hal_flash.o(i.HAL_FLASH_OB_Unlock), (92 bytes).
    Removing stm32l0xx_hal_flash.o(i.HAL_FLASH_OperationErrorCallback), (2 bytes).
    Removing stm32l0xx_hal_flash.o(i.HAL_FLASH_Program), (80 bytes).
    Removing stm32l0xx_hal_flash.o(i.HAL_FLASH_Program_IT), (76 bytes).
    Removing stm32l0xx_hal_flash.o(i.HAL_FLASH_Unlock), (140 bytes).
    Removing stm32l0xx_hal_flash.o(.bss), (24 bytes).
    Removing stm32l0xx_hal_flash_ex.o(.rev16_text), (4 bytes).
    Removing stm32l0xx_hal_flash_ex.o(.revsh_text), (4 bytes).
    Removing stm32l0xx_hal_flash_ex.o(i.FLASH_OB_BOOTBit1Config), (84 bytes).
    Removing stm32l0xx_hal_flash_ex.o(i.FLASH_OB_BORConfig), (84 bytes).
    Removing stm32l0xx_hal_flash_ex.o(i.FLASH_OB_BootConfig), (84 bytes).
    Removing stm32l0xx_hal_flash_ex.o(i.FLASH_OB_GetBOOTBit1), (12 bytes).
    Removing stm32l0xx_hal_flash_ex.o(i.FLASH_OB_GetBOR), (20 bytes).
    Removing stm32l0xx_hal_flash_ex.o(i.FLASH_OB_GetRDP), (28 bytes).
    Removing stm32l0xx_hal_flash_ex.o(i.FLASH_OB_GetUser), (20 bytes).
    Removing stm32l0xx_hal_flash_ex.o(i.FLASH_OB_GetWRP), (12 bytes).
    Removing stm32l0xx_hal_flash_ex.o(i.FLASH_OB_GetWRP2), (12 bytes).
    Removing stm32l0xx_hal_flash_ex.o(i.FLASH_OB_ProtectedSectorsConfig), (236 bytes).
    Removing stm32l0xx_hal_flash_ex.o(i.FLASH_OB_RDPConfig), (96 bytes).
    Removing stm32l0xx_hal_flash_ex.o(i.FLASH_OB_UserConfig), (104 bytes).
    Removing stm32l0xx_hal_flash_ex.o(i.FLASH_PageErase), (52 bytes).
    Removing stm32l0xx_hal_flash_ex.o(i.HAL_FLASHEx_AdvOBGetConfig), (64 bytes).
    Removing stm32l0xx_hal_flash_ex.o(i.HAL_FLASHEx_AdvOBProgram), (48 bytes).
    Removing stm32l0xx_hal_flash_ex.o(i.HAL_FLASHEx_DATAEEPROM_DisableFixedTimeProgram), (20 bytes).
    Removing stm32l0xx_hal_flash_ex.o(i.HAL_FLASHEx_DATAEEPROM_EnableFixedTimeProgram), (20 bytes).
    Removing stm32l0xx_hal_flash_ex.o(i.HAL_FLASHEx_DATAEEPROM_Erase), (44 bytes).
    Removing stm32l0xx_hal_flash_ex.o(i.HAL_FLASHEx_DATAEEPROM_Lock), (20 bytes).
    Removing stm32l0xx_hal_flash_ex.o(i.HAL_FLASHEx_DATAEEPROM_Program), (108 bytes).
    Removing stm32l0xx_hal_flash_ex.o(i.HAL_FLASHEx_DATAEEPROM_Unlock), (76 bytes).
    Removing stm32l0xx_hal_flash_ex.o(i.HAL_FLASHEx_Erase), (140 bytes).
    Removing stm32l0xx_hal_flash_ex.o(i.HAL_FLASHEx_Erase_IT), (116 bytes).
    Removing stm32l0xx_hal_flash_ex.o(i.HAL_FLASHEx_OBGetConfig), (46 bytes).
    Removing stm32l0xx_hal_flash_ex.o(i.HAL_FLASHEx_OBProgram), (236 bytes).
    Removing stm32l0xx_hal_flash_ex.o(i.HAL_FLASHEx_OB_DeSelectPCROP), (80 bytes).
    Removing stm32l0xx_hal_flash_ex.o(i.HAL_FLASHEx_OB_SelectPCROP), (88 bytes).
    Removing stm32l0xx_hal_gpio.o(.rev16_text), (4 bytes).
    Removing stm32l0xx_hal_gpio.o(.revsh_text), (4 bytes).
    Removing stm32l0xx_hal_gpio.o(i.HAL_GPIO_DeInit), (296 bytes).
    Removing stm32l0xx_hal_gpio.o(i.HAL_GPIO_EXTI_Callback), (2 bytes).
    Removing stm32l0xx_hal_gpio.o(i.HAL_GPIO_EXTI_IRQHandler), (32 bytes).
    Removing stm32l0xx_hal_gpio.o(i.HAL_GPIO_LockPin), (50 bytes).
    Removing stm32l0xx_hal_dma.o(.rev16_text), (4 bytes).
    Removing stm32l0xx_hal_dma.o(.revsh_text), (4 bytes).
    Removing stm32l0xx_hal_dma.o(i.DMA_SetConfig), (46 bytes).
    Removing stm32l0xx_hal_dma.o(i.HAL_DMA_Abort), (88 bytes).
    Removing stm32l0xx_hal_dma.o(i.HAL_DMA_Abort_IT), (92 bytes).
    Removing stm32l0xx_hal_dma.o(i.HAL_DMA_DeInit), (124 bytes).
    Removing stm32l0xx_hal_dma.o(i.HAL_DMA_GetError), (6 bytes).
    Removing stm32l0xx_hal_dma.o(i.HAL_DMA_GetState), (8 bytes).
    Removing stm32l0xx_hal_dma.o(i.HAL_DMA_IRQHandler), (264 bytes).
    Removing stm32l0xx_hal_dma.o(i.HAL_DMA_Init), (168 bytes).
    Removing stm32l0xx_hal_dma.o(i.HAL_DMA_PollForTransfer), (256 bytes).
    Removing stm32l0xx_hal_dma.o(i.HAL_DMA_RegisterCallback), (92 bytes).
    Removing stm32l0xx_hal_dma.o(i.HAL_DMA_Start), (110 bytes).
    Removing stm32l0xx_hal_dma.o(i.HAL_DMA_Start_IT), (154 bytes).
    Removing stm32l0xx_hal_dma.o(i.HAL_DMA_UnRegisterCallback), (108 bytes).
    Removing stm32l0xx_hal_pwr.o(.rev16_text), (4 bytes).
    Removing stm32l0xx_hal_pwr.o(.revsh_text), (4 bytes).
    Removing stm32l0xx_hal_pwr.o(i.HAL_PWR_ConfigPVD), (176 bytes).
    Removing stm32l0xx_hal_pwr.o(i.HAL_PWR_DeInit), (32 bytes).
    Removing stm32l0xx_hal_pwr.o(i.HAL_PWR_DisableBkUpAccess), (20 bytes).
    Removing stm32l0xx_hal_pwr.o(i.HAL_PWR_DisablePVD), (20 bytes).
    Removing stm32l0xx_hal_pwr.o(i.HAL_PWR_DisableSEVOnPend), (20 bytes).
    Removing stm32l0xx_hal_pwr.o(i.HAL_PWR_DisableSleepOnExit), (20 bytes).
    Removing stm32l0xx_hal_pwr.o(i.HAL_PWR_DisableWakeUpPin), (16 bytes).
    Removing stm32l0xx_hal_pwr.o(i.HAL_PWR_EnableBkUpAccess), (20 bytes).
    Removing stm32l0xx_hal_pwr.o(i.HAL_PWR_EnablePVD), (20 bytes).
    Removing stm32l0xx_hal_pwr.o(i.HAL_PWR_EnableSEVOnPend), (20 bytes).
    Removing stm32l0xx_hal_pwr.o(i.HAL_PWR_EnableSleepOnExit), (20 bytes).
    Removing stm32l0xx_hal_pwr.o(i.HAL_PWR_EnableWakeUpPin), (16 bytes).
    Removing stm32l0xx_hal_pwr.o(i.HAL_PWR_EnterSLEEPMode), (64 bytes).
    Removing stm32l0xx_hal_pwr.o(i.HAL_PWR_EnterSTANDBYMode), (40 bytes).
    Removing stm32l0xx_hal_pwr.o(i.HAL_PWR_EnterSTOPMode), (72 bytes).
    Removing stm32l0xx_hal_pwr.o(i.HAL_PWR_PVDCallback), (2 bytes).
    Removing stm32l0xx_hal_pwr.o(i.HAL_PWR_PVD_IRQHandler), (36 bytes).
    Removing stm32l0xx_hal_pwr_ex.o(.rev16_text), (4 bytes).
    Removing stm32l0xx_hal_pwr_ex.o(.revsh_text), (4 bytes).
    Removing stm32l0xx_hal_pwr_ex.o(i.HAL_PWREx_DisableFastWakeUp), (20 bytes).
    Removing stm32l0xx_hal_pwr_ex.o(i.HAL_PWREx_DisableLowPowerRunMode), (96 bytes).
    Removing stm32l0xx_hal_pwr_ex.o(i.HAL_PWREx_DisableUltraLowPower), (20 bytes).
    Removing stm32l0xx_hal_pwr_ex.o(i.HAL_PWREx_EnableFastWakeUp), (20 bytes).
    Removing stm32l0xx_hal_pwr_ex.o(i.HAL_PWREx_EnableLowPowerRunMode), (32 bytes).
    Removing stm32l0xx_hal_pwr_ex.o(i.HAL_PWREx_EnableUltraLowPower), (20 bytes).
    Removing stm32l0xx_hal_pwr_ex.o(i.HAL_PWREx_GetVoltageRange), (16 bytes).
    Removing stm32l0xx_hal_cortex.o(.rev16_text), (4 bytes).
    Removing stm32l0xx_hal_cortex.o(.revsh_text), (4 bytes).
    Removing stm32l0xx_hal_cortex.o(i.HAL_MPU_ConfigRegion), (84 bytes).
    Removing stm32l0xx_hal_cortex.o(i.HAL_MPU_Disable), (28 bytes).
    Removing stm32l0xx_hal_cortex.o(i.HAL_MPU_Enable), (48 bytes).
    Removing stm32l0xx_hal_cortex.o(i.HAL_NVIC_ClearPendingIRQ), (24 bytes).
    Removing stm32l0xx_hal_cortex.o(i.HAL_NVIC_DisableIRQ), (24 bytes).
    Removing stm32l0xx_hal_cortex.o(i.HAL_NVIC_GetPendingIRQ), (40 bytes).
    Removing stm32l0xx_hal_cortex.o(i.HAL_NVIC_GetPriority), (72 bytes).
    Removing stm32l0xx_hal_cortex.o(i.HAL_NVIC_SetPendingIRQ), (24 bytes).
    Removing stm32l0xx_hal_cortex.o(i.HAL_NVIC_SystemReset), (56 bytes).
    Removing stm32l0xx_hal_cortex.o(i.HAL_SYSTICK_CLKSourceConfig), (36 bytes).
    Removing stm32l0xx_hal_cortex.o(i.HAL_SYSTICK_Callback), (2 bytes).
    Removing stm32l0xx_hal_cortex.o(i.HAL_SYSTICK_IRQHandler), (8 bytes).
    Removing system_stm32l0xx.o(.rev16_text), (4 bytes).
    Removing system_stm32l0xx.o(.revsh_text), (4 bytes).
    Removing system_stm32l0xx.o(i.SystemCoreClockUpdate), (276 bytes).
    Removing taskmanager.o(i.micrOs_getTaskRunState), (28 bytes).
    Removing taskmanager.o(i.micrOs_setTaskRunState), (24 bytes).
    Removing taskmanager.o(i.micrOs_startCallbackTimer), (60 bytes).
    Removing taskmanager.o(i.micrOs_startEventPublishTimer), (120 bytes).
    Removing taskmanager.o(i.micrOs_taskInit), (20 bytes).
    Removing micros_mcutimer.o(.rev16_text), (4 bytes).
    Removing micros_mcutimer.o(.revsh_text), (4 bytes).
    Removing ledtask.o(.rev16_text), (4 bytes).
    Removing ledtask.o(.revsh_text), (4 bytes).
    Removing buttontask.o(.rev16_text), (4 bytes).
    Removing buttontask.o(.revsh_text), (4 bytes).
    Removing stm32l0xx_hal_tim.o(i.__ARM_common_switch8), (28 bytes).

397 unused section(s) (total 35876 bytes) removed from the image.

==============================================================================

Image Symbol Table

    Local Symbols

    Symbol Name                              Value     Ov Type        Size  Object(Section)

    ../Drivers/STM32L0xx_HAL_Driver/Src/stm32l0xx_hal.c 0x00000000   Number         0  stm32l0xx_hal.o ABSOLUTE
    ../Drivers/STM32L0xx_HAL_Driver/Src/stm32l0xx_hal_cortex.c 0x00000000   Number         0  stm32l0xx_hal_cortex.o ABSOLUTE
    ../Drivers/STM32L0xx_HAL_Driver/Src/stm32l0xx_hal_dma.c 0x00000000   Number         0  stm32l0xx_hal_dma.o ABSOLUTE
    ../Drivers/STM32L0xx_HAL_Driver/Src/stm32l0xx_hal_flash.c 0x00000000   Number         0  stm32l0xx_hal_flash.o ABSOLUTE
    ../Drivers/STM32L0xx_HAL_Driver/Src/stm32l0xx_hal_flash_ex.c 0x00000000   Number         0  stm32l0xx_hal_flash_ex.o ABSOLUTE
    ../Drivers/STM32L0xx_HAL_Driver/Src/stm32l0xx_hal_flash_ramfunc.c 0x00000000   Number         0  stm32l0xx_hal_flash_ramfunc.o ABSOLUTE
    ../Drivers/STM32L0xx_HAL_Driver/Src/stm32l0xx_hal_gpio.c 0x00000000   Number         0  stm32l0xx_hal_gpio.o ABSOLUTE
    ../Drivers/STM32L0xx_HAL_Driver/Src/stm32l0xx_hal_i2c.c 0x00000000   Number         0  stm32l0xx_hal_i2c.o ABSOLUTE
    ../Drivers/STM32L0xx_HAL_Driver/Src/stm32l0xx_hal_i2c_ex.c 0x00000000   Number         0  stm32l0xx_hal_i2c_ex.o ABSOLUTE
    ../Drivers/STM32L0xx_HAL_Driver/Src/stm32l0xx_hal_pwr.c 0x00000000   Number         0  stm32l0xx_hal_pwr.o ABSOLUTE
    ../Drivers/STM32L0xx_HAL_Driver/Src/stm32l0xx_hal_pwr_ex.c 0x00000000   Number         0  stm32l0xx_hal_pwr_ex.o ABSOLUTE
    ../Drivers/STM32L0xx_HAL_Driver/Src/stm32l0xx_hal_rcc.c 0x00000000   Number         0  stm32l0xx_hal_rcc.o ABSOLUTE
    ../Drivers/STM32L0xx_HAL_Driver/Src/stm32l0xx_hal_rcc_ex.c 0x00000000   Number         0  stm32l0xx_hal_rcc_ex.o ABSOLUTE
    ../Drivers/STM32L0xx_HAL_Driver/Src/stm32l0xx_hal_tim.c 0x00000000   Number         0  stm32l0xx_hal_tim.o ABSOLUTE
    ../Drivers/STM32L0xx_HAL_Driver/Src/stm32l0xx_hal_tim_ex.c 0x00000000   Number         0  stm32l0xx_hal_tim_ex.o ABSOLUTE
    ../Src/main.c                            0x00000000   Number         0  main.o ABSOLUTE
    ../Src/stm32l0xx_hal_msp.c               0x00000000   Number         0  stm32l0xx_hal_msp.o ABSOLUTE
    ../Src/stm32l0xx_it.c                    0x00000000   Number         0  stm32l0xx_it.o ABSOLUTE
    ../Src/system_stm32l0xx.c                0x00000000   Number         0  system_stm32l0xx.o ABSOLUTE
    ../clib/microlib/division.c              0x00000000   Number         0  uidiv.o ABSOLUTE
    ../clib/microlib/init/entry.s            0x00000000   Number         0  entry8b.o ABSOLUTE
    ../clib/microlib/init/entry.s            0x00000000   Number         0  entry11a.o ABSOLUTE
    ../clib/microlib/init/entry.s            0x00000000   Number         0  entry8a.o ABSOLUTE
    ../clib/microlib/init/entry.s            0x00000000   Number         0  entry7b.o ABSOLUTE
    ../clib/microlib/init/entry.s            0x00000000   Number         0  entry.o ABSOLUTE
    ../clib/microlib/init/entry.s            0x00000000   Number         0  entry9b.o ABSOLUTE
    ../clib/microlib/init/entry.s            0x00000000   Number         0  entry2.o ABSOLUTE
    ../clib/microlib/init/entry.s            0x00000000   Number         0  entry10a.o ABSOLUTE
    ../clib/microlib/init/entry.s            0x00000000   Number         0  entry11b.o ABSOLUTE
    ../clib/microlib/init/entry.s            0x00000000   Number         0  entry5.o ABSOLUTE
    ../clib/microlib/init/entry.s            0x00000000   Number         0  entry10b.o ABSOLUTE
    ../clib/microlib/init/entry.s            0x00000000   Number         0  entry7a.o ABSOLUTE
    ../clib/microlib/init/entry.s            0x00000000   Number         0  entry9a.o ABSOLUTE
    ../clib/microlib/malloc/malloc.c         0x00000000   Number         0  mallocr.o ABSOLUTE
    ../clib/microlib/malloc/malloc.c         0x00000000   Number         0  malloc.o ABSOLUTE
    ../clib/microlib/malloc/malloc.c         0x00000000   Number         0  mallocra.o ABSOLUTE
    ../clib/microlib/malloc/malloc.c         0x00000000   Number         0  malloca.o ABSOLUTE
    ../clib/microlib/malloc/mvars.c          0x00000000   Number         0  mvars.o ABSOLUTE
    ../clib/microlib/string/memcpy.c         0x00000000   Number         0  memcpyb.o ABSOLUTE
    ../clib/microlib/string/memcpy.c         0x00000000   Number         0  memcpya.o ABSOLUTE
    ../clib/microlib/string/memset.c         0x00000000   Number         0  memseta.o ABSOLUTE
    ..\Drivers\STM32L0xx_HAL_Driver\Src\stm32l0xx_hal.c 0x00000000   Number         0  stm32l0xx_hal.o ABSOLUTE
    ..\Drivers\STM32L0xx_HAL_Driver\Src\stm32l0xx_hal_cortex.c 0x00000000   Number         0  stm32l0xx_hal_cortex.o ABSOLUTE
    ..\Drivers\STM32L0xx_HAL_Driver\Src\stm32l0xx_hal_dma.c 0x00000000   Number         0  stm32l0xx_hal_dma.o ABSOLUTE
    ..\Drivers\STM32L0xx_HAL_Driver\Src\stm32l0xx_hal_flash.c 0x00000000   Number         0  stm32l0xx_hal_flash.o ABSOLUTE
    ..\Drivers\STM32L0xx_HAL_Driver\Src\stm32l0xx_hal_flash_ex.c 0x00000000   Number         0  stm32l0xx_hal_flash_ex.o ABSOLUTE
    ..\Drivers\STM32L0xx_HAL_Driver\Src\stm32l0xx_hal_flash_ramfunc.c 0x00000000   Number         0  stm32l0xx_hal_flash_ramfunc.o ABSOLUTE
    ..\Drivers\STM32L0xx_HAL_Driver\Src\stm32l0xx_hal_gpio.c 0x00000000   Number         0  stm32l0xx_hal_gpio.o ABSOLUTE
    ..\Drivers\STM32L0xx_HAL_Driver\Src\stm32l0xx_hal_i2c.c 0x00000000   Number         0  stm32l0xx_hal_i2c.o ABSOLUTE
    ..\Drivers\STM32L0xx_HAL_Driver\Src\stm32l0xx_hal_i2c_ex.c 0x00000000   Number         0  stm32l0xx_hal_i2c_ex.o ABSOLUTE
    ..\Drivers\STM32L0xx_HAL_Driver\Src\stm32l0xx_hal_pwr.c 0x00000000   Number         0  stm32l0xx_hal_pwr.o ABSOLUTE
    ..\Drivers\STM32L0xx_HAL_Driver\Src\stm32l0xx_hal_pwr_ex.c 0x00000000   Number         0  stm32l0xx_hal_pwr_ex.o ABSOLUTE
    ..\Drivers\STM32L0xx_HAL_Driver\Src\stm32l0xx_hal_rcc.c 0x00000000   Number         0  stm32l0xx_hal_rcc.o ABSOLUTE
    ..\Drivers\STM32L0xx_HAL_Driver\Src\stm32l0xx_hal_rcc_ex.c 0x00000000   Number         0  stm32l0xx_hal_rcc_ex.o ABSOLUTE
    ..\Drivers\STM32L0xx_HAL_Driver\Src\stm32l0xx_hal_tim.c 0x00000000   Number         0  stm32l0xx_hal_tim.o ABSOLUTE
    ..\Drivers\STM32L0xx_HAL_Driver\Src\stm32l0xx_hal_tim_ex.c 0x00000000   Number         0  stm32l0xx_hal_tim_ex.o ABSOLUTE
    ..\Src\main.c                            0x00000000   Number         0  main.o ABSOLUTE
    ..\Src\stm32l0xx_hal_msp.c               0x00000000   Number         0  stm32l0xx_hal_msp.o ABSOLUTE
    ..\Src\stm32l0xx_it.c                    0x00000000   Number         0  stm32l0xx_it.o ABSOLUTE
    ..\Src\system_stm32l0xx.c                0x00000000   Number         0  system_stm32l0xx.o ABSOLUTE
    ..\\button\\buttonTask.c                 0x00000000   Number         0  buttontask.o ABSOLUTE
    ..\\led\\ledTask.c                       0x00000000   Number         0  ledtask.o ABSOLUTE
    ..\\micrOS\\micrOs_mcuTimer\\micrOs_mcuTimer.c 0x00000000   Number         0  micros_mcutimer.o ABSOLUTE
    ..\button\buttonTask.c                   0x00000000   Number         0  buttontask.o ABSOLUTE
    ..\errorHandler\errorHandler.c           0x00000000   Number         0  errorhandler.o ABSOLUTE
    ..\led\ledTask.c                         0x00000000   Number         0  ledtask.o ABSOLUTE
    ..\micrOS\micrOs_mcuTimer\micrOs_mcuTimer.c 0x00000000   Number         0  micros_mcutimer.o ABSOLUTE
    ..\micrOS\micrOs_softTimer\micrOs_softTimer.c 0x00000000   Number         0  micros_softtimer.o ABSOLUTE
    ..\micrOS\taskManager.c                  0x00000000   Number         0  taskmanager.o ABSOLUTE
    dc.s                                     0x00000000   Number         0  dc.o ABSOLUTE
    handlers.s                               0x00000000   Number         0  handlers.o ABSOLUTE
    init.s                                   0x00000000   Number         0  init.o ABSOLUTE
    startup_stm32l072xx.s                    0x00000000   Number         0  startup_stm32l072xx.o ABSOLUTE
    RESET                                    0x08000000   Section      192  startup_stm32l072xx.o(RESET)
    .ARM.Collect$$$$00000000                 0x080000c0   Section        0  entry.o(.ARM.Collect$$$$00000000)
    .ARM.Collect$$$$00000001                 0x080000c0   Section        4  entry2.o(.ARM.Collect$$$$00000001)
    .ARM.Collect$$$$00000004                 0x080000c4   Section        4  entry5.o(.ARM.Collect$$$$00000004)
    .ARM.Collect$$$$00000008                 0x080000c8   Section        0  entry7b.o(.ARM.Collect$$$$00000008)
    .ARM.Collect$$$$0000000A                 0x080000c8   Section        0  entry8b.o(.ARM.Collect$$$$0000000A)
    .ARM.Collect$$$$0000000B                 0x080000c8   Section        8  entry9a.o(.ARM.Collect$$$$0000000B)
    .ARM.Collect$$$$0000000D                 0x080000d0   Section        0  entry10a.o(.ARM.Collect$$$$0000000D)
    .ARM.Collect$$$$0000000F                 0x080000d0   Section        0  entry11a.o(.ARM.Collect$$$$0000000F)
    .ARM.Collect$$$$00002712                 0x080000d0   Section        4  entry2.o(.ARM.Collect$$$$00002712)
    __lit__00000000                          0x080000d0   Data           4  entry2.o(.ARM.Collect$$$$00002712)
    .text                                    0x080000d4   Section       28  startup_stm32l072xx.o(.text)
    .text                                    0x080000f0   Section        0  uidiv.o(.text)
    .text                                    0x0800011c   Section        0  memcpya.o(.text)
    .text                                    0x08000140   Section        0  memseta.o(.text)
    .text                                    0x08000164   Section       36  init.o(.text)
    i.Error_Handler                          0x08000188   Section        0  main.o(i.Error_Handler)
    i.HAL_GPIO_Init                          0x0800018c   Section        0  stm32l0xx_hal_gpio.o(i.HAL_GPIO_Init)
    i.HAL_GPIO_ReadPin                       0x08000384   Section        0  stm32l0xx_hal_gpio.o(i.HAL_GPIO_ReadPin)
    i.HAL_GPIO_TogglePin                     0x08000396   Section        0  stm32l0xx_hal_gpio.o(i.HAL_GPIO_TogglePin)
    i.HAL_GPIO_WritePin                      0x080003aa   Section        0  stm32l0xx_hal_gpio.o(i.HAL_GPIO_WritePin)
    i.HAL_GetTick                            0x080003b8   Section        0  stm32l0xx_hal.o(i.HAL_GetTick)
    i.HAL_IncTick                            0x080003c4   Section        0  stm32l0xx_hal.o(i.HAL_IncTick)
    i.HAL_Init                               0x080003dc   Section        0  stm32l0xx_hal.o(i.HAL_Init)
    i.HAL_InitTick                           0x08000408   Section        0  stm32l0xx_hal.o(i.HAL_InitTick)
    i.HAL_MspInit                            0x0800045c   Section        0  stm32l0xx_hal_msp.o(i.HAL_MspInit)
    i.HAL_NVIC_EnableIRQ                     0x0800047c   Section        0  stm32l0xx_hal_cortex.o(i.HAL_NVIC_EnableIRQ)
    i.HAL_NVIC_SetPriority                   0x08000494   Section        0  stm32l0xx_hal_cortex.o(i.HAL_NVIC_SetPriority)
    i.HAL_RCC_ClockConfig                    0x080004a8   Section        0  stm32l0xx_hal_rcc.o(i.HAL_RCC_ClockConfig)
    i.HAL_RCC_GetSysClockFreq                0x080006b0   Section        0  stm32l0xx_hal_rcc.o(i.HAL_RCC_GetSysClockFreq)
    i.HAL_RCC_OscConfig                      0x08000780   Section        0  stm32l0xx_hal_rcc.o(i.HAL_RCC_OscConfig)
    i.HAL_SYSTICK_Config                     0x08000e74   Section        0  stm32l0xx_hal_cortex.o(i.HAL_SYSTICK_Config)
    i.HAL_TIMEx_MasterConfigSynchronization  0x08000eac   Section        0  stm32l0xx_hal_tim_ex.o(i.HAL_TIMEx_MasterConfigSynchronization)
    i.HAL_TIM_Base_Init                      0x08000f08   Section        0  stm32l0xx_hal_tim.o(i.HAL_TIM_Base_Init)
    i.HAL_TIM_Base_MspInit                   0x08000f40   Section        0  stm32l0xx_hal_msp.o(i.HAL_TIM_Base_MspInit)
    i.HAL_TIM_Base_Start_IT                  0x08000f70   Section        0  stm32l0xx_hal_tim.o(i.HAL_TIM_Base_Start_IT)
    i.HAL_TIM_ConfigClockSource              0x08000f9a   Section        0  stm32l0xx_hal_tim.o(i.HAL_TIM_ConfigClockSource)
    i.HAL_TIM_IC_CaptureCallback             0x080010aa   Section        0  stm32l0xx_hal_tim.o(i.HAL_TIM_IC_CaptureCallback)
    i.HAL_TIM_IRQHandler                     0x080010ac   Section        0  stm32l0xx_hal_tim.o(i.HAL_TIM_IRQHandler)
    i.HAL_TIM_OC_DelayElapsedCallback        0x08001228   Section        0  stm32l0xx_hal_tim.o(i.HAL_TIM_OC_DelayElapsedCallback)
    i.HAL_TIM_PWM_PulseFinishedCallback      0x0800122a   Section        0  stm32l0xx_hal_tim.o(i.HAL_TIM_PWM_PulseFinishedCallback)
    i.HAL_TIM_PeriodElapsedCallback          0x0800122c   Section        0  micros_mcutimer.o(i.HAL_TIM_PeriodElapsedCallback)
    i.HAL_TIM_TriggerCallback                0x08001238   Section        0  stm32l0xx_hal_tim.o(i.HAL_TIM_TriggerCallback)
    i.HardFault_Handler                      0x0800123a   Section        0  stm32l0xx_it.o(i.HardFault_Handler)
    i.NMI_Handler                            0x0800123e   Section        0  stm32l0xx_it.o(i.NMI_Handler)
    i.NVIC_SetPriority                       0x08001240   Section        0  stm32l0xx_hal_cortex.o(i.NVIC_SetPriority)
    NVIC_SetPriority                         0x08001241   Thumb Code   110  stm32l0xx_hal_cortex.o(i.NVIC_SetPriority)
    i.PendSV_Handler                         0x080012b8   Section        0  stm32l0xx_it.o(i.PendSV_Handler)
    i.SVC_Handler                            0x080012ba   Section        0  stm32l0xx_it.o(i.SVC_Handler)
    i.SysTick_Handler                        0x080012bc   Section        0  stm32l0xx_it.o(i.SysTick_Handler)
    i.SystemClock_Config                     0x080012c4   Section        0  main.o(i.SystemClock_Config)
    i.SystemInit                             0x08001338   Section        0  system_stm32l0xx.o(i.SystemInit)
    i.TIM2_IRQHandler                        0x080013a0   Section        0  micros_mcutimer.o(i.TIM2_IRQHandler)
    i.TIM_Base_SetConfig                     0x080013b0   Section        0  stm32l0xx_hal_tim.o(i.TIM_Base_SetConfig)
    TIM_Base_SetConfig                       0x080013b1   Thumb Code   110  stm32l0xx_hal_tim.o(i.TIM_Base_SetConfig)
    i.TIM_ETR_SetConfig                      0x0800142c   Section        0  stm32l0xx_hal_tim.o(i.TIM_ETR_SetConfig)
    TIM_ETR_SetConfig                        0x0800142d   Thumb Code    28  stm32l0xx_hal_tim.o(i.TIM_ETR_SetConfig)
    i.TIM_ITRx_SetConfig                     0x08001448   Section        0  stm32l0xx_hal_tim.o(i.TIM_ITRx_SetConfig)
    TIM_ITRx_SetConfig                       0x08001449   Thumb Code    24  stm32l0xx_hal_tim.o(i.TIM_ITRx_SetConfig)
    i.TIM_TI1_ConfigInputStage               0x08001460   Section        0  stm32l0xx_hal_tim.o(i.TIM_TI1_ConfigInputStage)
    TIM_TI1_ConfigInputStage                 0x08001461   Thumb Code    50  stm32l0xx_hal_tim.o(i.TIM_TI1_ConfigInputStage)
    i.TIM_TI2_ConfigInputStage               0x08001492   Section        0  stm32l0xx_hal_tim.o(i.TIM_TI2_ConfigInputStage)
    TIM_TI2_ConfigInputStage                 0x08001493   Thumb Code    50  stm32l0xx_hal_tim.o(i.TIM_TI2_ConfigInputStage)
    i.__scatterload_copy                     0x080014c4   Section       14  handlers.o(i.__scatterload_copy)
    i.__scatterload_null                     0x080014d2   Section        2  handlers.o(i.__scatterload_null)
    i.__scatterload_zeroinit                 0x080014d4   Section       14  handlers.o(i.__scatterload_zeroinit)
    i.addTaskSubscribeList                   0x080014e4   Section        0  taskmanager.o(i.addTaskSubscribeList)
    addTaskSubscribeList                     0x080014e5   Thumb Code    70  taskmanager.o(i.addTaskSubscribeList)
    i.buttonLongPressOp                      0x08001530   Section        0  buttontask.o(i.buttonLongPressOp)
    buttonLongPressOp                        0x08001531   Thumb Code    62  buttontask.o(i.buttonLongPressOp)
    i.buttonPressOp                          0x0800157c   Section        0  buttontask.o(i.buttonPressOp)
    buttonPressOp                            0x0800157d   Thumb Code     2  buttontask.o(i.buttonPressOp)
    i.buttonShortPressOp                     0x08001580   Section        0  buttontask.o(i.buttonShortPressOp)
    buttonShortPressOp                       0x08001581   Thumb Code    44  buttontask.o(i.buttonShortPressOp)
    i.buttonStateWaitDebounce                0x080015b4   Section        0  buttontask.o(i.buttonStateWaitDebounce)
    buttonStateWaitDebounce                  0x080015b5   Thumb Code   188  buttontask.o(i.buttonStateWaitDebounce)
    i.buttonStateWaitLongPress               0x080016a0   Section        0  buttontask.o(i.buttonStateWaitLongPress)
    buttonStateWaitLongPress                 0x080016a1   Thumb Code    36  buttontask.o(i.buttonStateWaitLongPress)
    i.buttonStateWaitPress                   0x080016d8   Section        0  buttontask.o(i.buttonStateWaitPress)
    buttonStateWaitPress                     0x080016d9   Thumb Code    70  buttontask.o(i.buttonStateWaitPress)
    i.buttonStateWaitUnpress                 0x0800174c   Section        0  buttontask.o(i.buttonStateWaitUnpress)
    buttonStateWaitUnpress                   0x0800174d   Thumb Code    72  buttontask.o(i.buttonStateWaitUnpress)
    i.buttonUnpressOp                        0x080017c0   Section        0  buttontask.o(i.buttonUnpressOp)
    buttonUnpressOp                          0x080017c1   Thumb Code     2  buttontask.o(i.buttonUnpressOp)
    i.controlTimeout                         0x080017c4   Section        0  micros_softtimer.o(i.controlTimeout)
    i.deleteTaskSubscribeList                0x0800183c   Section        0  taskmanager.o(i.deleteTaskSubscribeList)
    deleteTaskSubscribeList                  0x0800183d   Thumb Code    64  taskmanager.o(i.deleteTaskSubscribeList)
    i.errorHandler                           0x08001880   Section        0  errorhandler.o(i.errorHandler)
    i.free                                   0x08001884   Section        0  malloc.o(i.free)
    i.getOnlyIdSignal                        0x080018d8   Section        0  ledtask.o(i.getOnlyIdSignal)
    getOnlyIdSignal                          0x080018d9   Thumb Code   222  ledtask.o(i.getOnlyIdSignal)
    i.getOnlyIdSignal                        0x080019c4   Section        0  buttontask.o(i.getOnlyIdSignal)
    getOnlyIdSignal                          0x080019c5   Thumb Code    34  buttontask.o(i.getOnlyIdSignal)
    i.getSignal                              0x080019f0   Section        0  taskmanager.o(i.getSignal)
    getSignal                                0x080019f1   Thumb Code    48  taskmanager.o(i.getSignal)
    i.getSignalAndData                       0x08001a24   Section        0  ledtask.o(i.getSignalAndData)
    getSignalAndData                         0x08001a25   Thumb Code   556  ledtask.o(i.getSignalAndData)
    i.getSignalAndData                       0x08001c70   Section        0  buttontask.o(i.getSignalAndData)
    getSignalAndData                         0x08001c71   Thumb Code     2  buttontask.o(i.getSignalAndData)
    i.getTimeCounterValue                    0x08001c74   Section        0  micros_softtimer.o(i.getTimeCounterValue)
    i.getTimerList                           0x08001c80   Section        0  micros_softtimer.o(i.getTimerList)
    i.main                                   0x08001c8c   Section        0  main.o(i.main)
    i.malloc                                 0x08001ca4   Section        0  malloc.o(i.malloc)
    i.micrOs_allTaskInit                     0x08001d10   Section        0  taskmanager.o(i.micrOs_allTaskInit)
    i.micrOs_cancelTimer                     0x08001d30   Section        0  taskmanager.o(i.micrOs_cancelTimer)
    i.micrOs_dispatchEventToTask             0x08001d3c   Section        0  taskmanager.o(i.micrOs_dispatchEventToTask)
    i.micrOs_init                            0x08001d68   Section        0  taskmanager.o(i.micrOs_init)
    i.micrOs_main                            0x08001d70   Section        0  taskmanager.o(i.micrOs_main)
    i.micrOs_publishEventToSubscribers       0x08001e50   Section        0  taskmanager.o(i.micrOs_publishEventToSubscribers)
    i.micrOs_setEventSubscriptionState       0x08001e7c   Section        0  taskmanager.o(i.micrOs_setEventSubscriptionState)
    i.micrOs_startEventDispachTimer          0x08001ea8   Section        0  taskmanager.o(i.micrOs_startEventDispachTimer)
    i.microsMcuTimer_init                    0x08001f1c   Section        0  micros_mcutimer.o(i.microsMcuTimer_init)
    i.microsSofttimer_createTimer            0x08001f9c   Section        0  micros_softtimer.o(i.microsSofttimer_createTimer)
    i.microsSofttimer_deleteTimer            0x08002058   Section        0  micros_softtimer.o(i.microsSofttimer_deleteTimer)
    i.microsSofttimer_mcuTimerCallback       0x08002118   Section        0  micros_softtimer.o(i.microsSofttimer_mcuTimerCallback)
    i.setSignal                              0x08002170   Section        0  taskmanager.o(i.setSignal)
    setSignal                                0x08002171   Thumb Code   118  taskmanager.o(i.setSignal)
    i.taskButtonGetSignal                    0x080021f0   Section        0  buttontask.o(i.taskButtonGetSignal)
    i.taskButtonInit                         0x08002224   Section        0  buttontask.o(i.taskButtonInit)
    i.taskButtonMain                         0x08002278   Section        0  buttontask.o(i.taskButtonMain)
    i.taskLedGetSignal                       0x08002288   Section        0  ledtask.o(i.taskLedGetSignal)
    i.taskLedInit                            0x080022bc   Section        0  ledtask.o(i.taskLedInit)
    i.taskLedMain                            0x0800237c   Section        0  ledtask.o(i.taskLedMain)
    .constdata                               0x0800237e   Section       33  system_stm32l0xx.o(.constdata)
    .constdata                               0x0800239f   Section        2  taskmanager.o(.constdata)
    .constdata                               0x080023a4   Section        1  ledtask.o(.constdata)
    .constdata                               0x080023a8   Section       13  buttontask.o(.constdata)
    .data                                    0x20000000   Section        9  stm32l0xx_hal.o(.data)
    .data                                    0x2000000c   Section        4  system_stm32l0xx.o(.data)
    .data                                    0x20000010   Section       44  taskmanager.o(.data)
    micrOsTask                               0x20000010   Data          40  taskmanager.o(.data)
    eventSignal                              0x20000038   Data           4  taskmanager.o(.data)
    .data                                    0x2000003c   Section       15  micros_softtimer.o(.data)
    timers                                   0x20000040   Data           4  micros_softtimer.o(.data)
    timersUseWithCallbackFunc                0x20000044   Data           4  micros_softtimer.o(.data)
    callStackInDeleteTimer                   0x20000048   Data           1  micros_softtimer.o(.data)
    reCallCallbackTimer                      0x20000049   Data           1  micros_softtimer.o(.data)
    callStackInCreateTimer                   0x2000004a   Data           1  micros_softtimer.o(.data)
    .data                                    0x2000004c   Section       19  ledtask.o(.data)
    signalContainer                          0x2000004c   Data           8  ledtask.o(.data)
    .data                                    0x20000060   Section       31  buttontask.o(.data)
    pfnCurrentButtonState                    0x20000060   Data           4  buttontask.o(.data)
    pfnPrevButtonState                       0x20000064   Data           4  buttontask.o(.data)
    pfnNextButtonState                       0x20000068   Data           4  buttontask.o(.data)
    signalContainer                          0x2000006c   Data           8  buttontask.o(.data)
    debounceTimerKey                         0x20000074   Data           4  buttontask.o(.data)
    longPressTimerKey                        0x20000078   Data           4  buttontask.o(.data)
    debounceTimeout                          0x2000007c   Data           1  buttontask.o(.data)
    longPressTimeout                         0x2000007d   Data           1  buttontask.o(.data)
    selectedLed                              0x2000007e   Data           1  buttontask.o(.data)
    .data                                    0x20000080   Section        4  mvars.o(.data)
    .data                                    0x20000084   Section        4  mvars.o(.data)
    .bss                                     0x20000088   Section       60  micros_mcutimer.o(.bss)
    .bss                                     0x200000c4   Section       12  ledtask.o(.bss)
    HEAP                                     0x200000d0   Section      512  startup_stm32l072xx.o(HEAP)
    STACK                                    0x200002d0   Section     1024  startup_stm32l072xx.o(STACK)

    Global Symbols

    Symbol Name                              Value     Ov Type        Size  Object(Section)

    BuildAttributes$$THM_ISAv3M$S$PE$A:L22$X:L11$S22$IEEE1$IW$USESV6$~STKCKD$USESV7$~SHL$OSPACE$EBA8$MICROLIB$REQ8$PRES8$EABIv2 0x00000000   Number         0  anon$$obj.o ABSOLUTE
    __ARM_use_no_argv                        0x00000000   Number         0  main.o ABSOLUTE
    __cpp_initialize__aeabi_                  - Undefined Weak Reference
    __cxa_finalize                            - Undefined Weak Reference
    __decompress                              - Undefined Weak Reference
    _clock_init                               - Undefined Weak Reference
    _microlib_exit                            - Undefined Weak Reference
    __Vectors_Size                           0x000000c0   Number         0  startup_stm32l072xx.o ABSOLUTE
    __Vectors                                0x08000000   Data           4  startup_stm32l072xx.o(RESET)
    __Vectors_End                            0x080000c0   Data           0  startup_stm32l072xx.o(RESET)
    __main                                   0x080000c1   Thumb Code     0  entry.o(.ARM.Collect$$$$00000000)
    _main_stk                                0x080000c1   Thumb Code     0  entry2.o(.ARM.Collect$$$$00000001)
    _main_scatterload                        0x080000c5   Thumb Code     0  entry5.o(.ARM.Collect$$$$00000004)
    __main_after_scatterload                 0x080000c9   Thumb Code     0  entry5.o(.ARM.Collect$$$$00000004)
    _main_clock                              0x080000c9   Thumb Code     0  entry7b.o(.ARM.Collect$$$$00000008)
    _main_cpp_init                           0x080000c9   Thumb Code     0  entry8b.o(.ARM.Collect$$$$0000000A)
    _main_init                               0x080000c9   Thumb Code     0  entry9a.o(.ARM.Collect$$$$0000000B)
    __rt_final_cpp                           0x080000d1   Thumb Code     0  entry10a.o(.ARM.Collect$$$$0000000D)
    __rt_final_exit                          0x080000d1   Thumb Code     0  entry11a.o(.ARM.Collect$$$$0000000F)
    Reset_Handler                            0x080000d5   Thumb Code     8  startup_stm32l072xx.o(.text)
    ADC1_COMP_IRQHandler                     0x080000e7   Thumb Code     0  startup_stm32l072xx.o(.text)
    DMA1_Channel1_IRQHandler                 0x080000e7   Thumb Code     0  startup_stm32l072xx.o(.text)
    DMA1_Channel2_3_IRQHandler               0x080000e7   Thumb Code     0  startup_stm32l072xx.o(.text)
    DMA1_Channel4_5_6_7_IRQHandler           0x080000e7   Thumb Code     0  startup_stm32l072xx.o(.text)
    EXTI0_1_IRQHandler                       0x080000e7   Thumb Code     0  startup_stm32l072xx.o(.text)
    EXTI2_3_IRQHandler                       0x080000e7   Thumb Code     0  startup_stm32l072xx.o(.text)
    EXTI4_15_IRQHandler                      0x080000e7   Thumb Code     0  startup_stm32l072xx.o(.text)
    FLASH_IRQHandler                         0x080000e7   Thumb Code     0  startup_stm32l072xx.o(.text)
    I2C1_IRQHandler                          0x080000e7   Thumb Code     0  startup_stm32l072xx.o(.text)
    I2C2_IRQHandler                          0x080000e7   Thumb Code     0  startup_stm32l072xx.o(.text)
    I2C3_IRQHandler                          0x080000e7   Thumb Code     0  startup_stm32l072xx.o(.text)
    LPTIM1_IRQHandler                        0x080000e7   Thumb Code     0  startup_stm32l072xx.o(.text)
    PVD_IRQHandler                           0x080000e7   Thumb Code     0  startup_stm32l072xx.o(.text)
    RCC_CRS_IRQHandler                       0x080000e7   Thumb Code     0  startup_stm32l072xx.o(.text)
    RNG_LPUART1_IRQHandler                   0x080000e7   Thumb Code     0  startup_stm32l072xx.o(.text)
    RTC_IRQHandler                           0x080000e7   Thumb Code     0  startup_stm32l072xx.o(.text)
    SPI1_IRQHandler                          0x080000e7   Thumb Code     0  startup_stm32l072xx.o(.text)
    SPI2_IRQHandler                          0x080000e7   Thumb Code     0  startup_stm32l072xx.o(.text)
    TIM21_IRQHandler                         0x080000e7   Thumb Code     0  startup_stm32l072xx.o(.text)
    TIM22_IRQHandler                         0x080000e7   Thumb Code     0  startup_stm32l072xx.o(.text)
    TIM3_IRQHandler                          0x080000e7   Thumb Code     0  startup_stm32l072xx.o(.text)
    TIM6_DAC_IRQHandler                      0x080000e7   Thumb Code     0  startup_stm32l072xx.o(.text)
    TIM7_IRQHandler                          0x080000e7   Thumb Code     0  startup_stm32l072xx.o(.text)
    TSC_IRQHandler                           0x080000e7   Thumb Code     0  startup_stm32l072xx.o(.text)
    USART1_IRQHandler                        0x080000e7   Thumb Code     0  startup_stm32l072xx.o(.text)
    USART2_IRQHandler                        0x080000e7   Thumb Code     0  startup_stm32l072xx.o(.text)
    USART4_5_IRQHandler                      0x080000e7   Thumb Code     0  startup_stm32l072xx.o(.text)
    USB_IRQHandler                           0x080000e7   Thumb Code     0  startup_stm32l072xx.o(.text)
    WWDG_IRQHandler                          0x080000e7   Thumb Code     0  startup_stm32l072xx.o(.text)
    __aeabi_uidiv                            0x080000f1   Thumb Code     0  uidiv.o(.text)
    __aeabi_uidivmod                         0x080000f1   Thumb Code    44  uidiv.o(.text)
    __aeabi_memcpy                           0x0800011d   Thumb Code    36  memcpya.o(.text)
    __aeabi_memcpy4                          0x0800011d   Thumb Code     0  memcpya.o(.text)
    __aeabi_memcpy8                          0x0800011d   Thumb Code     0  memcpya.o(.text)
    __aeabi_memset                           0x08000141   Thumb Code    14  memseta.o(.text)
    __aeabi_memset4                          0x08000141   Thumb Code     0  memseta.o(.text)
    __aeabi_memset8                          0x08000141   Thumb Code     0  memseta.o(.text)
    __aeabi_memclr                           0x0800014f   Thumb Code     4  memseta.o(.text)
    __aeabi_memclr4                          0x0800014f   Thumb Code     0  memseta.o(.text)
    __aeabi_memclr8                          0x0800014f   Thumb Code     0  memseta.o(.text)
    _memset$wrapper                          0x08000153   Thumb Code    18  memseta.o(.text)
    __scatterload                            0x08000165   Thumb Code    28  init.o(.text)
    __scatterload_rt2                        0x08000165   Thumb Code     0  init.o(.text)
    Error_Handler                            0x08000189   Thumb Code     2  main.o(i.Error_Handler)
    HAL_GPIO_Init                            0x0800018d   Thumb Code   472  stm32l0xx_hal_gpio.o(i.HAL_GPIO_Init)
    HAL_GPIO_ReadPin                         0x08000385   Thumb Code    18  stm32l0xx_hal_gpio.o(i.HAL_GPIO_ReadPin)
    HAL_GPIO_TogglePin                       0x08000397   Thumb Code    20  stm32l0xx_hal_gpio.o(i.HAL_GPIO_TogglePin)
    HAL_GPIO_WritePin                        0x080003ab   Thumb Code    12  stm32l0xx_hal_gpio.o(i.HAL_GPIO_WritePin)
    HAL_GetTick                              0x080003b9   Thumb Code     6  stm32l0xx_hal.o(i.HAL_GetTick)
    HAL_IncTick                              0x080003c5   Thumb Code    16  stm32l0xx_hal.o(i.HAL_IncTick)
    HAL_Init                                 0x080003dd   Thumb Code    38  stm32l0xx_hal.o(i.HAL_Init)
    HAL_InitTick                             0x08000409   Thumb Code    70  stm32l0xx_hal.o(i.HAL_InitTick)
    HAL_MspInit                              0x0800045d   Thumb Code    26  stm32l0xx_hal_msp.o(i.HAL_MspInit)
    HAL_NVIC_EnableIRQ                       0x0800047d   Thumb Code    18  stm32l0xx_hal_cortex.o(i.HAL_NVIC_EnableIRQ)
    HAL_NVIC_SetPriority                     0x08000495   Thumb Code    18  stm32l0xx_hal_cortex.o(i.HAL_NVIC_SetPriority)
    HAL_RCC_ClockConfig                      0x080004a9   Thumb Code   498  stm32l0xx_hal_rcc.o(i.HAL_RCC_ClockConfig)
    HAL_RCC_GetSysClockFreq                  0x080006b1   Thumb Code   186  stm32l0xx_hal_rcc.o(i.HAL_RCC_GetSysClockFreq)
    HAL_RCC_OscConfig                        0x08000781   Thumb Code  1764  stm32l0xx_hal_rcc.o(i.HAL_RCC_OscConfig)
    HAL_SYSTICK_Config                       0x08000e75   Thumb Code    46  stm32l0xx_hal_cortex.o(i.HAL_SYSTICK_Config)
    HAL_TIMEx_MasterConfigSynchronization    0x08000ead   Thumb Code    92  stm32l0xx_hal_tim_ex.o(i.HAL_TIMEx_MasterConfigSynchronization)
    HAL_TIM_Base_Init                        0x08000f09   Thumb Code    56  stm32l0xx_hal_tim.o(i.HAL_TIM_Base_Init)
    HAL_TIM_Base_MspInit                     0x08000f41   Thumb Code    44  stm32l0xx_hal_msp.o(i.HAL_TIM_Base_MspInit)
    HAL_TIM_Base_Start_IT                    0x08000f71   Thumb Code    42  stm32l0xx_hal_tim.o(i.HAL_TIM_Base_Start_IT)
    HAL_TIM_ConfigClockSource                0x08000f9b   Thumb Code   272  stm32l0xx_hal_tim.o(i.HAL_TIM_ConfigClockSource)
    HAL_TIM_IC_CaptureCallback               0x080010ab   Thumb Code     2  stm32l0xx_hal_tim.o(i.HAL_TIM_IC_CaptureCallback)
    HAL_TIM_IRQHandler                       0x080010ad   Thumb Code   380  stm32l0xx_hal_tim.o(i.HAL_TIM_IRQHandler)
    HAL_TIM_OC_DelayElapsedCallback          0x08001229   Thumb Code     2  stm32l0xx_hal_tim.o(i.HAL_TIM_OC_DelayElapsedCallback)
    HAL_TIM_PWM_PulseFinishedCallback        0x0800122b   Thumb Code     2  stm32l0xx_hal_tim.o(i.HAL_TIM_PWM_PulseFinishedCallback)
    HAL_TIM_PeriodElapsedCallback            0x0800122d   Thumb Code    12  micros_mcutimer.o(i.HAL_TIM_PeriodElapsedCallback)
    HAL_TIM_TriggerCallback                  0x08001239   Thumb Code     2  stm32l0xx_hal_tim.o(i.HAL_TIM_TriggerCallback)
    HardFault_Handler                        0x0800123b   Thumb Code     4  stm32l0xx_it.o(i.HardFault_Handler)
    NMI_Handler                              0x0800123f   Thumb Code     2  stm32l0xx_it.o(i.NMI_Handler)
    PendSV_Handler                           0x080012b9   Thumb Code     2  stm32l0xx_it.o(i.PendSV_Handler)
    SVC_Handler                              0x080012bb   Thumb Code     2  stm32l0xx_it.o(i.SVC_Handler)
    SysTick_Handler                          0x080012bd   Thumb Code     8  stm32l0xx_it.o(i.SysTick_Handler)
    SystemClock_Config                       0x080012c5   Thumb Code   110  main.o(i.SystemClock_Config)
    SystemInit                               0x08001339   Thumb Code    88  system_stm32l0xx.o(i.SystemInit)
    TIM2_IRQHandler                          0x080013a1   Thumb Code    10  micros_mcutimer.o(i.TIM2_IRQHandler)
    __scatterload_copy                       0x080014c5   Thumb Code    14  handlers.o(i.__scatterload_copy)
    __scatterload_null                       0x080014d3   Thumb Code     2  handlers.o(i.__scatterload_null)
    __scatterload_zeroinit                   0x080014d5   Thumb Code    14  handlers.o(i.__scatterload_zeroinit)
    controlTimeout                           0x080017c5   Thumb Code   114  micros_softtimer.o(i.controlTimeout)
    errorHandler                             0x08001881   Thumb Code     2  errorhandler.o(i.errorHandler)
    free                                     0x08001885   Thumb Code    80  malloc.o(i.free)
    getTimeCounterValue                      0x08001c75   Thumb Code     6  micros_softtimer.o(i.getTimeCounterValue)
    getTimerList                             0x08001c81   Thumb Code     6  micros_softtimer.o(i.getTimerList)
    main                                     0x08001c8d   Thumb Code    24  main.o(i.main)
    malloc                                   0x08001ca5   Thumb Code    92  malloc.o(i.malloc)
    micrOs_allTaskInit                       0x08001d11   Thumb Code    26  taskmanager.o(i.micrOs_allTaskInit)
    micrOs_cancelTimer                       0x08001d31   Thumb Code    12  taskmanager.o(i.micrOs_cancelTimer)
    micrOs_dispatchEventToTask               0x08001d3d   Thumb Code    40  taskmanager.o(i.micrOs_dispatchEventToTask)
    micrOs_init                              0x08001d69   Thumb Code     8  taskmanager.o(i.micrOs_init)
    micrOs_main                              0x08001d71   Thumb Code   220  taskmanager.o(i.micrOs_main)
    micrOs_publishEventToSubscribers         0x08001e51   Thumb Code    38  taskmanager.o(i.micrOs_publishEventToSubscribers)
    micrOs_setEventSubscriptionState         0x08001e7d   Thumb Code    44  taskmanager.o(i.micrOs_setEventSubscriptionState)
    micrOs_startEventDispachTimer            0x08001ea9   Thumb Code   110  taskmanager.o(i.micrOs_startEventDispachTimer)
    microsMcuTimer_init                      0x08001f1d   Thumb Code   122  micros_mcutimer.o(i.microsMcuTimer_init)
    microsSofttimer_createTimer              0x08001f9d   Thumb Code   168  micros_softtimer.o(i.microsSofttimer_createTimer)
    microsSofttimer_deleteTimer              0x08002059   Thumb Code   176  micros_softtimer.o(i.microsSofttimer_deleteTimer)
    microsSofttimer_mcuTimerCallback         0x08002119   Thumb Code    64  micros_softtimer.o(i.microsSofttimer_mcuTimerCallback)
    taskButtonGetSignal                      0x080021f1   Thumb Code    52  buttontask.o(i.taskButtonGetSignal)
    taskButtonInit                           0x08002225   Thumb Code    68  buttontask.o(i.taskButtonInit)
    taskButtonMain                           0x08002279   Thumb Code    10  buttontask.o(i.taskButtonMain)
    taskLedGetSignal                         0x08002289   Thumb Code    52  ledtask.o(i.taskLedGetSignal)
    taskLedInit                              0x080022bd   Thumb Code   184  ledtask.o(i.taskLedInit)
    taskLedMain                              0x0800237d   Thumb Code     2  ledtask.o(i.taskLedMain)
    AHBPrescTable                            0x0800237e   Data          16  system_stm32l0xx.o(.constdata)
    APBPrescTable                            0x0800238e   Data           8  system_stm32l0xx.o(.constdata)
    PLLMulTable                              0x08002396   Data           9  system_stm32l0xx.o(.constdata)
    structSize                               0x0800239f   Data           2  taskmanager.o(.constdata)
    Region$$Table$$Base                      0x080023b8   Number         0  anon$$obj.o(Region$$Table)
    Region$$Table$$Limit                     0x080023d8   Number         0  anon$$obj.o(Region$$Table)
    uwTick                                   0x20000000   Data           4  stm32l0xx_hal.o(.data)
    uwTickPrio                               0x20000004   Data           4  stm32l0xx_hal.o(.data)
    uwTickFreq                               0x20000008   Data           1  stm32l0xx_hal.o(.data)
    SystemCoreClock                          0x2000000c   Data           4  system_stm32l0xx.o(.data)
    timeCounter                              0x2000003c   Data           4  micros_softtimer.o(.data)
    ledSelTimerKey                           0x20000054   Data           4  ledtask.o(.data)
    selectedLed                              0x20000058   Data           1  ledtask.o(.data)
    ledMode                                  0x20000059   Data           3  ledtask.o(.data)
    heartBeatCnt                             0x2000005c   Data           3  ledtask.o(.data)
    __microlib_freelist                      0x20000080   Data           4  mvars.o(.data)
    __microlib_freelist_initialised          0x20000084   Data           4  mvars.o(.data)
    mcuTimer                                 0x20000088   Data          60  micros_mcutimer.o(.bss)
    ledTimerKey                              0x200000c4   Data          12  ledtask.o(.bss)
    __heap_base                              0x200000d0   Data           0  startup_stm32l072xx.o(HEAP)
    __heap_limit                             0x200002d0   Data           0  startup_stm32l072xx.o(HEAP)
    __initial_sp                             0x200006d0   Data           0  startup_stm32l072xx.o(STACK)



==============================================================================

Memory Map of the image

  Image Entry point : 0x080000c1

  Load Region LR_IROM1 (Base: 0x08000000, Size: 0x00002460, Max: 0x00030000, ABSOLUTE)

    Execution Region ER_IROM1 (Exec base: 0x08000000, Load base: 0x08000000, Size: 0x000023d8, Max: 0x00030000, ABSOLUTE)

    Exec Addr    Load Addr    Size         Type   Attr      Idx    E Section Name        Object

    0x08000000   0x08000000   0x000000c0   Data   RO            3    RESET               startup_stm32l072xx.o
    0x080000c0   0x080000c0   0x00000000   Code   RO         3049  * .ARM.Collect$$$$00000000  mc_p.l(entry.o)
    0x080000c0   0x080000c0   0x00000004   Code   RO         3088    .ARM.Collect$$$$00000001  mc_p.l(entry2.o)
    0x080000c4   0x080000c4   0x00000004   Code   RO         3091    .ARM.Collect$$$$00000004  mc_p.l(entry5.o)
    0x080000c8   0x080000c8   0x00000000   Code   RO         3093    .ARM.Collect$$$$00000008  mc_p.l(entry7b.o)
    0x080000c8   0x080000c8   0x00000000   Code   RO         3095    .ARM.Collect$$$$0000000A  mc_p.l(entry8b.o)
    0x080000c8   0x080000c8   0x00000008   Code   RO         3096    .ARM.Collect$$$$0000000B  mc_p.l(entry9a.o)
    0x080000d0   0x080000d0   0x00000000   Code   RO         3098    .ARM.Collect$$$$0000000D  mc_p.l(entry10a.o)
    0x080000d0   0x080000d0   0x00000000   Code   RO         3100    .ARM.Collect$$$$0000000F  mc_p.l(entry11a.o)
    0x080000d0   0x080000d0   0x00000004   Code   RO         3089    .ARM.Collect$$$$00002712  mc_p.l(entry2.o)
    0x080000d4   0x080000d4   0x0000001c   Code   RO            4    .text               startup_stm32l072xx.o
    0x080000f0   0x080000f0   0x0000002c   Code   RO         3052    .text               mc_p.l(uidiv.o)
    0x0800011c   0x0800011c   0x00000024   Code   RO         3054    .text               mc_p.l(memcpya.o)
    0x08000140   0x08000140   0x00000024   Code   RO         3056    .text               mc_p.l(memseta.o)
    0x08000164   0x08000164   0x00000024   Code   RO         3104    .text               mc_p.l(init.o)
    0x08000188   0x08000188   0x00000002   Code   RO           12    i.Error_Handler     main.o
    0x0800018a   0x0800018a   0x00000002   PAD
    0x0800018c   0x0800018c   0x000001f8   Code   RO         2186    i.HAL_GPIO_Init     stm32l0xx_hal_gpio.o
    0x08000384   0x08000384   0x00000012   Code   RO         2188    i.HAL_GPIO_ReadPin  stm32l0xx_hal_gpio.o
    0x08000396   0x08000396   0x00000014   Code   RO         2189    i.HAL_GPIO_TogglePin  stm32l0xx_hal_gpio.o
    0x080003aa   0x080003aa   0x0000000c   Code   RO         2190    i.HAL_GPIO_WritePin  stm32l0xx_hal_gpio.o
    0x080003b6   0x080003b6   0x00000002   PAD
    0x080003b8   0x080003b8   0x0000000c   Code   RO          939    i.HAL_GetTick       stm32l0xx_hal.o
    0x080003c4   0x080003c4   0x00000018   Code   RO          945    i.HAL_IncTick       stm32l0xx_hal.o
    0x080003dc   0x080003dc   0x0000002c   Code   RO          946    i.HAL_Init          stm32l0xx_hal.o
    0x08000408   0x08000408   0x00000054   Code   RO          947    i.HAL_InitTick      stm32l0xx_hal.o
    0x0800045c   0x0800045c   0x00000020   Code   RO          187    i.HAL_MspInit       stm32l0xx_hal_msp.o
    0x0800047c   0x0800047c   0x00000018   Code   RO         2513    i.HAL_NVIC_EnableIRQ  stm32l0xx_hal_cortex.o
    0x08000494   0x08000494   0x00000012   Code   RO         2517    i.HAL_NVIC_SetPriority  stm32l0xx_hal_cortex.o
    0x080004a6   0x080004a6   0x00000002   PAD
    0x080004a8   0x080004a8   0x00000208   Code   RO         1641    i.HAL_RCC_ClockConfig  stm32l0xx_hal_rcc.o
    0x080006b0   0x080006b0   0x000000d0   Code   RO         1649    i.HAL_RCC_GetSysClockFreq  stm32l0xx_hal_rcc.o
    0x08000780   0x08000780   0x000006f4   Code   RO         1652    i.HAL_RCC_OscConfig  stm32l0xx_hal_rcc.o
    0x08000e74   0x08000e74   0x00000038   Code   RO         2521    i.HAL_SYSTICK_Config  stm32l0xx_hal_cortex.o
    0x08000eac   0x08000eac   0x0000005c   Code   RO          900    i.HAL_TIMEx_MasterConfigSynchronization  stm32l0xx_hal_tim_ex.o
    0x08000f08   0x08000f08   0x00000038   Code   RO          221    i.HAL_TIM_Base_Init  stm32l0xx_hal_tim.o
    0x08000f40   0x08000f40   0x00000030   Code   RO          189    i.HAL_TIM_Base_MspInit  stm32l0xx_hal_msp.o
    0x08000f70   0x08000f70   0x0000002a   Code   RO          226    i.HAL_TIM_Base_Start_IT  stm32l0xx_hal_tim.o
    0x08000f9a   0x08000f9a   0x00000110   Code   RO          230    i.HAL_TIM_ConfigClockSource  stm32l0xx_hal_tim.o
    0x080010aa   0x080010aa   0x00000002   Code   RO          250    i.HAL_TIM_IC_CaptureCallback  stm32l0xx_hal_tim.o
    0x080010ac   0x080010ac   0x0000017c   Code   RO          264    i.HAL_TIM_IRQHandler  stm32l0xx_hal_tim.o
    0x08001228   0x08001228   0x00000002   Code   RO          267    i.HAL_TIM_OC_DelayElapsedCallback  stm32l0xx_hal_tim.o
    0x0800122a   0x0800122a   0x00000002   Code   RO          294    i.HAL_TIM_PWM_PulseFinishedCallback  stm32l0xx_hal_tim.o
    0x0800122c   0x0800122c   0x0000000c   Code   RO         2791    i.HAL_TIM_PeriodElapsedCallback  micros_mcutimer.o
    0x08001238   0x08001238   0x00000002   Code   RO          307    i.HAL_TIM_TriggerCallback  stm32l0xx_hal_tim.o
    0x0800123a   0x0800123a   0x00000004   Code   RO          140    i.HardFault_Handler  stm32l0xx_it.o
    0x0800123e   0x0800123e   0x00000002   Code   RO          141    i.NMI_Handler       stm32l0xx_it.o
    0x08001240   0x08001240   0x00000078   Code   RO         2523    i.NVIC_SetPriority  stm32l0xx_hal_cortex.o
    0x080012b8   0x080012b8   0x00000002   Code   RO          142    i.PendSV_Handler    stm32l0xx_it.o
    0x080012ba   0x080012ba   0x00000002   Code   RO          143    i.SVC_Handler       stm32l0xx_it.o
    0x080012bc   0x080012bc   0x00000008   Code   RO          144    i.SysTick_Handler   stm32l0xx_it.o
    0x080012c4   0x080012c4   0x00000074   Code   RO           13    i.SystemClock_Config  main.o
    0x08001338   0x08001338   0x00000068   Code   RO         2621    i.SystemInit        system_stm32l0xx.o
    0x080013a0   0x080013a0   0x00000010   Code   RO         2792    i.TIM2_IRQHandler   micros_mcutimer.o
    0x080013b0   0x080013b0   0x0000007c   Code   RO          309    i.TIM_Base_SetConfig  stm32l0xx_hal_tim.o
    0x0800142c   0x0800142c   0x0000001c   Code   RO          320    i.TIM_ETR_SetConfig  stm32l0xx_hal_tim.o
    0x08001448   0x08001448   0x00000018   Code   RO          321    i.TIM_ITRx_SetConfig  stm32l0xx_hal_tim.o
    0x08001460   0x08001460   0x00000032   Code   RO          327    i.TIM_TI1_ConfigInputStage  stm32l0xx_hal_tim.o
    0x08001492   0x08001492   0x00000032   Code   RO          329    i.TIM_TI2_ConfigInputStage  stm32l0xx_hal_tim.o
    0x080014c4   0x080014c4   0x0000000e   Code   RO         3108    i.__scatterload_copy  mc_p.l(handlers.o)
    0x080014d2   0x080014d2   0x00000002   Code   RO         3109    i.__scatterload_null  mc_p.l(handlers.o)
    0x080014d4   0x080014d4   0x0000000e   Code   RO         3110    i.__scatterload_zeroinit  mc_p.l(handlers.o)
    0x080014e2   0x080014e2   0x00000002   PAD
    0x080014e4   0x080014e4   0x0000004c   Code   RO         2651    i.addTaskSubscribeList  taskmanager.o
    0x08001530   0x08001530   0x0000004c   Code   RO         2942    i.buttonLongPressOp  buttontask.o
    0x0800157c   0x0800157c   0x00000002   Code   RO         2943    i.buttonPressOp     buttontask.o
    0x0800157e   0x0800157e   0x00000002   PAD
    0x08001580   0x08001580   0x00000034   Code   RO         2944    i.buttonShortPressOp  buttontask.o
    0x080015b4   0x080015b4   0x000000ec   Code   RO         2945    i.buttonStateWaitDebounce  buttontask.o
    0x080016a0   0x080016a0   0x00000038   Code   RO         2946    i.buttonStateWaitLongPress  buttontask.o
    0x080016d8   0x080016d8   0x00000074   Code   RO         2947    i.buttonStateWaitPress  buttontask.o
    0x0800174c   0x0800174c   0x00000074   Code   RO         2948    i.buttonStateWaitUnpress  buttontask.o
    0x080017c0   0x080017c0   0x00000002   Code   RO         2949    i.buttonUnpressOp   buttontask.o
    0x080017c2   0x080017c2   0x00000002   PAD
    0x080017c4   0x080017c4   0x00000078   Code   RO         2836    i.controlTimeout    micros_softtimer.o
    0x0800183c   0x0800183c   0x00000044   Code   RO         2652    i.deleteTaskSubscribeList  taskmanager.o
    0x08001880   0x08001880   0x00000002   Code   RO         3037    i.errorHandler      errorhandler.o
    0x08001882   0x08001882   0x00000002   PAD
    0x08001884   0x08001884   0x00000054   Code   RO         3060    i.free              mc_p.l(malloc.o)
    0x080018d8   0x080018d8   0x000000ec   Code   RO         2883    i.getOnlyIdSignal   ledtask.o
    0x080019c4   0x080019c4   0x0000002c   Code   RO         2950    i.getOnlyIdSignal   buttontask.o
    0x080019f0   0x080019f0   0x00000034   Code   RO         2653    i.getSignal         taskmanager.o
    0x08001a24   0x08001a24   0x0000024c   Code   RO         2884    i.getSignalAndData  ledtask.o
    0x08001c70   0x08001c70   0x00000002   Code   RO         2951    i.getSignalAndData  buttontask.o
    0x08001c72   0x08001c72   0x00000002   PAD
    0x08001c74   0x08001c74   0x0000000c   Code   RO         2837    i.getTimeCounterValue  micros_softtimer.o
    0x08001c80   0x08001c80   0x0000000c   Code   RO         2838    i.getTimerList      micros_softtimer.o
    0x08001c8c   0x08001c8c   0x00000018   Code   RO           14    i.main              main.o
    0x08001ca4   0x08001ca4   0x0000006c   Code   RO         3061    i.malloc            mc_p.l(malloc.o)
    0x08001d10   0x08001d10   0x00000020   Code   RO         2654    i.micrOs_allTaskInit  taskmanager.o
    0x08001d30   0x08001d30   0x0000000c   Code   RO         2655    i.micrOs_cancelTimer  taskmanager.o
    0x08001d3c   0x08001d3c   0x0000002c   Code   RO         2656    i.micrOs_dispatchEventToTask  taskmanager.o
    0x08001d68   0x08001d68   0x00000008   Code   RO         2658    i.micrOs_init       taskmanager.o
    0x08001d70   0x08001d70   0x000000e0   Code   RO         2659    i.micrOs_main       taskmanager.o
    0x08001e50   0x08001e50   0x0000002c   Code   RO         2660    i.micrOs_publishEventToSubscribers  taskmanager.o
    0x08001e7c   0x08001e7c   0x0000002c   Code   RO         2661    i.micrOs_setEventSubscriptionState  taskmanager.o
    0x08001ea8   0x08001ea8   0x00000074   Code   RO         2664    i.micrOs_startEventDispachTimer  taskmanager.o
    0x08001f1c   0x08001f1c   0x00000080   Code   RO         2793    i.microsMcuTimer_init  micros_mcutimer.o
    0x08001f9c   0x08001f9c   0x000000bc   Code   RO         2839    i.microsSofttimer_createTimer  micros_softtimer.o
    0x08002058   0x08002058   0x000000c0   Code   RO         2840    i.microsSofttimer_deleteTimer  micros_softtimer.o
    0x08002118   0x08002118   0x00000058   Code   RO         2841    i.microsSofttimer_mcuTimerCallback  micros_softtimer.o
    0x08002170   0x08002170   0x00000080   Code   RO         2667    i.setSignal         taskmanager.o
    0x080021f0   0x080021f0   0x00000034   Code   RO         2952    i.taskButtonGetSignal  buttontask.o
    0x08002224   0x08002224   0x00000054   Code   RO         2953    i.taskButtonInit    buttontask.o
    0x08002278   0x08002278   0x00000010   Code   RO         2954    i.taskButtonMain    buttontask.o
    0x08002288   0x08002288   0x00000034   Code   RO         2885    i.taskLedGetSignal  ledtask.o
    0x080022bc   0x080022bc   0x000000c0   Code   RO         2886    i.taskLedInit       ledtask.o
    0x0800237c   0x0800237c   0x00000002   Code   RO         2887    i.taskLedMain       ledtask.o
    0x0800237e   0x0800237e   0x00000021   Data   RO         2622    .constdata          system_stm32l0xx.o
    0x0800239f   0x0800239f   0x00000002   Data   RO         2668    .constdata          taskmanager.o
    0x080023a1   0x080023a1   0x00000003   PAD
    0x080023a4   0x080023a4   0x00000001   Data   RO         2889    .constdata          ledtask.o
    0x080023a5   0x080023a5   0x00000003   PAD
    0x080023a8   0x080023a8   0x0000000d   Data   RO         2955    .constdata          buttontask.o
    0x080023b5   0x080023b5   0x00000003   PAD
    0x080023b8   0x080023b8   0x00000020   Data   RO         3106    Region$$Table       anon$$obj.o


    Execution Region RW_IRAM1 (Exec base: 0x20000000, Load base: 0x080023d8, Size: 0x000006d0, Max: 0x00005000, ABSOLUTE)

    Exec Addr    Load Addr    Size         Type   Attr      Idx    E Section Name        Object

    0x20000000   0x080023d8   0x00000009   Data   RW          957    .data               stm32l0xx_hal.o
    0x20000009   0x080023e1   0x00000003   PAD
    0x2000000c   0x080023e4   0x00000004   Data   RW         2623    .data               system_stm32l0xx.o
    0x20000010   0x080023e8   0x0000002c   Data   RW         2669    .data               taskmanager.o
    0x2000003c   0x08002414   0x0000000f   Data   RW         2842    .data               micros_softtimer.o
    0x2000004b   0x08002423   0x00000001   PAD
    0x2000004c   0x08002424   0x00000013   Data   RW         2890    .data               ledtask.o
    0x2000005f   0x08002437   0x00000001   PAD
    0x20000060   0x08002438   0x0000001f   Data   RW         2956    .data               buttontask.o
    0x2000007f   0x08002457   0x00000001   PAD
    0x20000080   0x08002458   0x00000004   Data   RW         3102    .data               mc_p.l(mvars.o)
    0x20000084   0x0800245c   0x00000004   Data   RW         3103    .data               mc_p.l(mvars.o)
    0x20000088        -       0x0000003c   Zero   RW         2794    .bss                micros_mcutimer.o
    0x200000c4        -       0x0000000c   Zero   RW         2888    .bss                ledtask.o
    0x200000d0        -       0x00000200   Zero   RW            2    HEAP                startup_stm32l072xx.o
    0x200002d0        -       0x00000400   Zero   RW            1    STACK               startup_stm32l072xx.o


==============================================================================

Image component sizes


      Code (inc. data)   RO Data    RW Data    ZI Data      Debug   Object Name

       854        212         13         31          0       9148   buttontask.o
         2          0          0          0          0        479   errorhandler.o
      1070         54          1         19         12       6405   ledtask.o
       142          6          0          0          0     325500   main.o
       156         12          0          0         60       5071   micros_mcutimer.o
       612         78          0         15          0       5151   micros_softtimer.o
        28          8        192          0       1536        648   startup_stm32l072xx.o
       164         34          0          9          0       8685   stm32l0xx_hal.o
       218         26          0          0          0      10785   stm32l0xx_hal_cortex.o
       554         32          0          0          0       3596   stm32l0xx_hal_gpio.o
        80         10          0          0          0       1297   stm32l0xx_hal_msp.o
      2508         76          0          0          0       4672   stm32l0xx_hal_rcc.o
      1034         14          0          0          0       9102   stm32l0xx_hal_tim.o
        92          0          0          0          0       1264   stm32l0xx_hal_tim_ex.o
        18          0          0          0          0       2167   stm32l0xx_it.o
       104         16         33          4          0       1251   system_stm32l0xx.o
       848         50          2         44          0      12006   taskmanager.o

    ----------------------------------------------------------------------
      8498        628        282        128       1608     407227   Object Totals
         0          0         32          0          0          0   (incl. Generated)
        14          0          9          6          0          0   (incl. Padding)

    ----------------------------------------------------------------------

      Code (inc. data)   RO Data    RW Data    ZI Data      Debug   Library Member Name

         0          0          0          0          0          0   entry.o
         0          0          0          0          0          0   entry10a.o
         0          0          0          0          0          0   entry11a.o
         8          4          0          0          0          0   entry2.o
         4          0          0          0          0          0   entry5.o
         0          0          0          0          0          0   entry7b.o
         0          0          0          0          0          0   entry8b.o
         8          4          0          0          0          0   entry9a.o
        30          0          0          0          0          0   handlers.o
        36          8          0          0          0         68   init.o
       192         20          0          0          0        144   malloc.o
        36          0          0          0          0         60   memcpya.o
        36          0          0          0          0        100   memseta.o
         0          0          0          8          0          0   mvars.o
        44          0          0          0          0         72   uidiv.o

    ----------------------------------------------------------------------
       396         36          0          8          0        444   Library Totals
         2          0          0          0          0          0   (incl. Padding)

    ----------------------------------------------------------------------

      Code (inc. data)   RO Data    RW Data    ZI Data      Debug   Library Name

       394         36          0          8          0        444   mc_p.l

    ----------------------------------------------------------------------
       396         36          0          8          0        444   Library Totals

    ----------------------------------------------------------------------

==============================================================================


      Code (inc. data)   RO Data    RW Data    ZI Data      Debug   

      8894        664        282        136       1608     404347   Grand Totals
      8894        664        282        136       1608     404347   ELF Image Totals
      8894        664        282        136          0          0   ROM Totals

==============================================================================

    Total RO  Size (Code + RO Data)                 9176 (   8.96kB)
    Total RW  Size (RW Data + ZI Data)              1744 (   1.70kB)
    Total ROM Size (Code + RO Data + RW Data)       9312 (   9.09kB)

==============================================================================

